Archive member included to satisfy reference by file (symbol)

c:/ac6/systemworkbench/plugins/fr.ac6.mcu.externaltools.arm-none.win32_1.17.0.201812190825/tools/compiler/bin/../lib/gcc/arm-none-eabi/7.3.1/thumb/v6-m\libgcc.a(_udivsi3.o)
                              Core/Src/system_stm32f0xx.o (__aeabi_uidiv)
c:/ac6/systemworkbench/plugins/fr.ac6.mcu.externaltools.arm-none.win32_1.17.0.201812190825/tools/compiler/bin/../lib/gcc/arm-none-eabi/7.3.1/thumb/v6-m\libgcc.a(_dvmd_tls.o)
                              c:/ac6/systemworkbench/plugins/fr.ac6.mcu.externaltools.arm-none.win32_1.17.0.201812190825/tools/compiler/bin/../lib/gcc/arm-none-eabi/7.3.1/thumb/v6-m\libgcc.a(_udivsi3.o) (__aeabi_idiv0)
c:/ac6/systemworkbench/plugins/fr.ac6.mcu.externaltools.arm-none.win32_1.17.0.201812190825/tools/compiler/bin/../lib/gcc/arm-none-eabi/7.3.1/../../../../arm-none-eabi/lib/thumb/v6-m\libc_nano.a(lib_a-errno.o)
                              Core/Src/syscalls.o (__errno)
c:/ac6/systemworkbench/plugins/fr.ac6.mcu.externaltools.arm-none.win32_1.17.0.201812190825/tools/compiler/bin/../lib/gcc/arm-none-eabi/7.3.1/../../../../arm-none-eabi/lib/thumb/v6-m\libc_nano.a(lib_a-exit.o)
                              c:/ac6/systemworkbench/plugins/fr.ac6.mcu.externaltools.arm-none.win32_1.17.0.201812190825/tools/compiler/bin/../lib/gcc/arm-none-eabi/7.3.1/../../../../arm-none-eabi/lib/thumb/v6-m/crt0.o (exit)
c:/ac6/systemworkbench/plugins/fr.ac6.mcu.externaltools.arm-none.win32_1.17.0.201812190825/tools/compiler/bin/../lib/gcc/arm-none-eabi/7.3.1/../../../../arm-none-eabi/lib/thumb/v6-m\libc_nano.a(lib_a-impure.o)
                              c:/ac6/systemworkbench/plugins/fr.ac6.mcu.externaltools.arm-none.win32_1.17.0.201812190825/tools/compiler/bin/../lib/gcc/arm-none-eabi/7.3.1/../../../../arm-none-eabi/lib/thumb/v6-m\libc_nano.a(lib_a-exit.o) (_global_impure_ptr)
c:/ac6/systemworkbench/plugins/fr.ac6.mcu.externaltools.arm-none.win32_1.17.0.201812190825/tools/compiler/bin/../lib/gcc/arm-none-eabi/7.3.1/../../../../arm-none-eabi/lib/thumb/v6-m\libc_nano.a(lib_a-init.o)
                              c:/ac6/systemworkbench/plugins/fr.ac6.mcu.externaltools.arm-none.win32_1.17.0.201812190825/tools/compiler/bin/../lib/gcc/arm-none-eabi/7.3.1/../../../../arm-none-eabi/lib/thumb/v6-m/crt0.o (__libc_init_array)
c:/ac6/systemworkbench/plugins/fr.ac6.mcu.externaltools.arm-none.win32_1.17.0.201812190825/tools/compiler/bin/../lib/gcc/arm-none-eabi/7.3.1/../../../../arm-none-eabi/lib/thumb/v6-m\libc_nano.a(lib_a-memset.o)
                              c:/ac6/systemworkbench/plugins/fr.ac6.mcu.externaltools.arm-none.win32_1.17.0.201812190825/tools/compiler/bin/../lib/gcc/arm-none-eabi/7.3.1/../../../../arm-none-eabi/lib/thumb/v6-m/crt0.o (memset)

Allocating common symbols
Common symbol       size              file

buff_read_32        0x28              Core/Src/main.o
buff_read_16        0x14              Core/Src/main.o
buff_read_8         0xa               Core/Src/main.o
uwTick              0x4               Drivers/STM32F0xx_HAL_Driver/Src/stm32f0xx_hal.o
pFlash              0x20              Core/Src/Internal_flash.o
i                   0x1               Core/Src/main.o

Discarded input sections

 .text          0x00000000        0x0 c:/ac6/systemworkbench/plugins/fr.ac6.mcu.externaltools.arm-none.win32_1.17.0.201812190825/tools/compiler/bin/../lib/gcc/arm-none-eabi/7.3.1/thumb/v6-m/crti.o
 .data          0x00000000        0x0 c:/ac6/systemworkbench/plugins/fr.ac6.mcu.externaltools.arm-none.win32_1.17.0.201812190825/tools/compiler/bin/../lib/gcc/arm-none-eabi/7.3.1/thumb/v6-m/crti.o
 .bss           0x00000000        0x0 c:/ac6/systemworkbench/plugins/fr.ac6.mcu.externaltools.arm-none.win32_1.17.0.201812190825/tools/compiler/bin/../lib/gcc/arm-none-eabi/7.3.1/thumb/v6-m/crti.o
 .data          0x00000000        0x4 c:/ac6/systemworkbench/plugins/fr.ac6.mcu.externaltools.arm-none.win32_1.17.0.201812190825/tools/compiler/bin/../lib/gcc/arm-none-eabi/7.3.1/thumb/v6-m/crtbegin.o
 .text          0x00000000       0x78 c:/ac6/systemworkbench/plugins/fr.ac6.mcu.externaltools.arm-none.win32_1.17.0.201812190825/tools/compiler/bin/../lib/gcc/arm-none-eabi/7.3.1/../../../../arm-none-eabi/lib/thumb/v6-m/crt0.o
 .data          0x00000000        0x0 c:/ac6/systemworkbench/plugins/fr.ac6.mcu.externaltools.arm-none.win32_1.17.0.201812190825/tools/compiler/bin/../lib/gcc/arm-none-eabi/7.3.1/../../../../arm-none-eabi/lib/thumb/v6-m/crt0.o
 .bss           0x00000000        0x0 c:/ac6/systemworkbench/plugins/fr.ac6.mcu.externaltools.arm-none.win32_1.17.0.201812190825/tools/compiler/bin/../lib/gcc/arm-none-eabi/7.3.1/../../../../arm-none-eabi/lib/thumb/v6-m/crt0.o
 .ARM.extab     0x00000000        0x0 c:/ac6/systemworkbench/plugins/fr.ac6.mcu.externaltools.arm-none.win32_1.17.0.201812190825/tools/compiler/bin/../lib/gcc/arm-none-eabi/7.3.1/../../../../arm-none-eabi/lib/thumb/v6-m/crt0.o
[...]
Memory Configuration

Name             Origin             Length             Attributes
RAM              0x20000000         0x00002000         xrw
FLASH            0x08000000         0x00010000         xr
*default*        0x00000000         0xffffffff

Linker script and memory map

LOAD c:/ac6/systemworkbench/plugins/fr.ac6.mcu.externaltools.arm-none.win32_1.17.0.201812190825/tools/compiler/bin/../lib/gcc/arm-none-eabi/7.3.1/thumb/v6-m/crti.o
LOAD c:/ac6/systemworkbench/plugins/fr.ac6.mcu.externaltools.arm-none.win32_1.17.0.201812190825/tools/compiler/bin/../lib/gcc/arm-none-eabi/7.3.1/thumb/v6-m/crtbegin.o
LOAD c:/ac6/systemworkbench/plugins/fr.ac6.mcu.externaltools.arm-none.win32_1.17.0.201812190825/tools/compiler/bin/../lib/gcc/arm-none-eabi/7.3.1/../../../../arm-none-eabi/lib/thumb/v6-m/crt0.o
LOAD Core/Src/Internal_flash.o
LOAD Core/Src/gpio.o
LOAD Core/Src/main.o
LOAD Core/Src/stm32f0xx_hal_msp.o
LOAD Core/Src/stm32f0xx_it.o
LOAD Core/Src/syscalls.o
LOAD Core/Src/system_stm32f0xx.o
LOAD Drivers/STM32F0xx_HAL_Driver/Src/stm32f0xx_hal.o
LOAD Drivers/STM32F0xx_HAL_Driver/Src/stm32f0xx_hal_cortex.o
LOAD Drivers/STM32F0xx_HAL_Driver/Src/stm32f0xx_hal_dma.o
LOAD Drivers/STM32F0xx_HAL_Driver/Src/stm32f0xx_hal_exti.o
LOAD Drivers/STM32F0xx_HAL_Driver/Src/stm32f0xx_hal_flash.o
LOAD Drivers/STM32F0xx_HAL_Driver/Src/stm32f0xx_hal_flash_ex.o
LOAD Drivers/STM32F0xx_HAL_Driver/Src/stm32f0xx_hal_gpio.o
LOAD Drivers/STM32F0xx_HAL_Driver/Src/stm32f0xx_hal_i2c.o
LOAD Drivers/STM32F0xx_HAL_Driver/Src/stm32f0xx_hal_i2c_ex.o
LOAD Drivers/STM32F0xx_HAL_Driver/Src/stm32f0xx_hal_pwr.o
LOAD Drivers/STM32F0xx_HAL_Driver/Src/stm32f0xx_hal_pwr_ex.o
LOAD Drivers/STM32F0xx_HAL_Driver/Src/stm32f0xx_hal_rcc.o
LOAD Drivers/STM32F0xx_HAL_Driver/Src/stm32f0xx_hal_rcc_ex.o
LOAD Drivers/STM32F0xx_HAL_Driver/Src/stm32f0xx_hal_tim.o
LOAD Drivers/STM32F0xx_HAL_Driver/Src/stm32f0xx_hal_tim_ex.o
LOAD startup/startup_stm32f030x8.o
LOAD c:/ac6/systemworkbench/plugins/fr.ac6.mcu.externaltools.arm-none.win32_1.17.0.201812190825/tools/compiler/bin/../lib/gcc/arm-none-eabi/7.3.1/../../../../arm-none-eabi/lib/thumb/v6-m\libm.a
START GROUP
LOAD c:/ac6/systemworkbench/plugins/fr.ac6.mcu.externaltools.arm-none.win32_1.17.0.201812190825/tools/compiler/bin/../lib/gcc/arm-none-eabi/7.3.1/thumb/v6-m\libgcc.a
LOAD c:/ac6/systemworkbench/plugins/fr.ac6.mcu.externaltools.arm-none.win32_1.17.0.201812190825/tools/compiler/bin/../lib/gcc/arm-none-eabi/7.3.1/../../../../arm-none-eabi/lib/thumb/v6-m\libc_nano.a
END GROUP
START GROUP
LOAD c:/ac6/systemworkbench/plugins/fr.ac6.mcu.externaltools.arm-none.win32_1.17.0.201812190825/tools/compiler/bin/../lib/gcc/arm-none-eabi/7.3.1/thumb/v6-m\libgcc.a
LOAD c:/ac6/systemworkbench/plugins/fr.ac6.mcu.externaltools.arm-none.win32_1.17.0.201812190825/tools/compiler/bin/../lib/gcc/arm-none-eabi/7.3.1/../../../../arm-none-eabi/lib/thumb/v6-m\libc_nano.a
LOAD c:/ac6/systemworkbench/plugins/fr.ac6.mcu.externaltools.arm-none.win32_1.17.0.201812190825/tools/compiler/bin/../lib/gcc/arm-none-eabi/7.3.1/../../../../arm-none-eabi/lib/thumb/v6-m\libnosys.a
END GROUP
START GROUP
LOAD c:/ac6/systemworkbench/plugins/fr.ac6.mcu.externaltools.arm-none.win32_1.17.0.201812190825/tools/compiler/bin/../lib/gcc/arm-none-eabi/7.3.1/thumb/v6-m\libgcc.a
LOAD c:/ac6/systemworkbench/plugins/fr.ac6.mcu.externaltools.arm-none.win32_1.17.0.201812190825/tools/compiler/bin/../lib/gcc/arm-none-eabi/7.3.1/../../../../arm-none-eabi/lib/thumb/v6-m\libc_nano.a
LOAD c:/ac6/systemworkbench/plugins/fr.ac6.mcu.externaltools.arm-none.win32_1.17.0.201812190825/tools/compiler/bin/../lib/gcc/arm-none-eabi/7.3.1/../../../../arm-none-eabi/lib/thumb/v6-m\libnosys.a
END GROUP
LOAD c:/ac6/systemworkbench/plugins/fr.ac6.mcu.externaltools.arm-none.win32_1.17.0.201812190825/tools/compiler/bin/../lib/gcc/arm-none-eabi/7.3.1/thumb/v6-m/crtend.o
LOAD c:/ac6/systemworkbench/plugins/fr.ac6.mcu.externaltools.arm-none.win32_1.17.0.201812190825/tools/compiler/bin/../lib/gcc/arm-none-eabi/7.3.1/thumb/v6-m/crtn.o
                0x20002000                _estack = 0x20002000
                0x00000200                _Min_Heap_Size = 0x200
                0x00000400                _Min_Stack_Size = 0x400

.isr_vector     0x08000000       0xc0
                0x08000000                . = ALIGN (0x4)
 *(.isr_vector)
 .isr_vector    0x08000000       0xc0 startup/startup_stm32f030x8.o
                0x08000000                g_pfnVectors
                0x080000c0                . = ALIGN (0x4)

.text           0x080000c0     0x11f8
                0x080000c0                . = ALIGN (0x4)
 *(.text)
 .text          0x080000c0       0x48 c:/ac6/systemworkbench/plugins/fr.ac6.mcu.externaltools.arm-none.win32_1.17.0.201812190825/tools/compiler/bin/../lib/gcc/arm-none-eabi/7.3.1/thumb/v6-m/crtbegin.o
 .text          0x08000108      0x114 c:/ac6/systemworkbench/plugins/fr.ac6.mcu.externaltools.arm-none.win32_1.17.0.201812190825/tools/compiler/bin/../lib/gcc/arm-none-eabi/7.3.1/thumb/v6-m\libgcc.a(_udivsi3.o)
                0x08000108                __aeabi_uidiv
                0x08000108                __udivsi3
                0x08000214                __aeabi_uidivmod
 .text          0x0800021c        0x4 c:/ac6/systemworkbench/plugins/fr.ac6.mcu.externaltools.arm-none.win32_1.17.0.201812190825/tools/compiler/bin/../lib/gcc/arm-none-eabi/7.3.1/thumb/v6-m\libgcc.a(_dvmd_tls.o)
                0x0800021c                __aeabi_idiv0
                0x0800021c                __aeabi_ldiv0
 *(.text*)
 .text.FLASH_EraseSector
                0x08000220       0x38 Core/Src/Internal_flash.o
                0x08000220                FLASH_EraseSector
 .text.erase_page
                0x08000258       0x26 Core/Src/Internal_flash.o
                0x08000258                erase_page
 .text.Flash_WriteData_With_Erase_Page
                0x0800027e       0x74 Core/Src/Internal_flash.o
                0x0800027e                Flash_WriteData_With_Erase_Page
 .text.Flash_ReadData
                0x080002f2       0x5c Core/Src/Internal_flash.o
                0x080002f2                Flash_ReadData
 *fill*         0x0800034e        0x2 
 .text.HAL_FLASH_Program_8bit
                0x08000350       0x58 Core/Src/Internal_flash.o
                0x08000350                HAL_FLASH_Program_8bit
 .text.Flash_WriteData_without_erase
                0x080003a8       0x7a Core/Src/Internal_flash.o
                0x080003a8                Flash_WriteData_without_erase
 *fill*         0x08000422        0x2 
 .text.MX_GPIO_Init
                0x08000424       0x7c Core/Src/gpio.o
                0x08000424                MX_GPIO_Init
 .text.MX_NVIC_Init
                0x080004a0       0x14 Core/Src/main.o
 .text.SystemClock_Config
                0x080004b4       0x4a Core/Src/main.o
                0x080004b4                SystemClock_Config
 *fill*         0x080004fe        0x2 
 .text.main     0x08000500       0xb8 Core/Src/main.o
                0x08000500                main
 .text.HAL_MspInit
                0x080005b8       0x30 Core/Src/stm32f0xx_hal_msp.o
                0x080005b8                HAL_MspInit
 .text.NMI_Handler
                0x080005e8        0x2 Core/Src/stm32f0xx_it.o
                0x080005e8                NMI_Handler
 .text.HardFault_Handler
                0x080005ea        0x2 Core/Src/stm32f0xx_it.o
                0x080005ea                HardFault_Handler
 .text.SVC_Handler
                0x080005ec        0x2 Core/Src/stm32f0xx_it.o
                0x080005ec                SVC_Handler
 .text.PendSV_Handler
                0x080005ee        0x2 Core/Src/stm32f0xx_it.o
                0x080005ee                PendSV_Handler
 .text.SysTick_Handler
                0x080005f0        0x8 Core/Src/stm32f0xx_it.o
                0x080005f0                SysTick_Handler
 .text.EXTI0_1_IRQHandler
                0x080005f8        0xa Core/Src/stm32f0xx_it.o
                0x080005f8                EXTI0_1_IRQHandler
 .text.SystemInit
                0x08000602        0x2 Core/Src/system_stm32f0xx.o
                0x08000602                SystemInit
 .text.HAL_InitTick
                0x08000604       0x4c Drivers/STM32F0xx_HAL_Driver/Src/stm32f0xx_hal.o
                0x08000604                HAL_InitTick
 .text.HAL_Init
                0x08000650       0x20 Drivers/STM32F0xx_HAL_Driver/Src/stm32f0xx_hal.o
                0x08000650                HAL_Init
 .text.HAL_IncTick
                0x08000670       0x18 Drivers/STM32F0xx_HAL_Driver/Src/stm32f0xx_hal.o
                0x08000670                HAL_IncTick
 .text.HAL_GetTick
                0x08000688        0xc Drivers/STM32F0xx_HAL_Driver/Src/stm32f0xx_hal.o
                0x08000688                HAL_GetTick
 .text.HAL_Delay
                0x08000694       0x24 Drivers/STM32F0xx_HAL_Driver/Src/stm32f0xx_hal.o
                0x08000694                HAL_Delay
 .text.HAL_NVIC_SetPriority
                0x080006b8       0x64 Drivers/STM32F0xx_HAL_Driver/Src/stm32f0xx_hal_cortex.o
                0x080006b8                HAL_NVIC_SetPriority
 .text.HAL_NVIC_EnableIRQ
                0x0800071c       0x18 Drivers/STM32F0xx_HAL_Driver/Src/stm32f0xx_hal_cortex.o
                0x0800071c                HAL_NVIC_EnableIRQ
 .text.HAL_SYSTICK_Config
                0x08000734       0x38 Drivers/STM32F0xx_HAL_Driver/Src/stm32f0xx_hal_cortex.o
                0x08000734                HAL_SYSTICK_Config
 .text.FLASH_Program_HalfWord
                0x0800076c       0x20 Drivers/STM32F0xx_HAL_Driver/Src/stm32f0xx_hal_flash.o
 .text.FLASH_SetErrorCode
                0x0800078c       0x3c Drivers/STM32F0xx_HAL_Driver/Src/stm32f0xx_hal_flash.o
 .text.HAL_FLASH_Unlock
                0x080007c8       0x30 Drivers/STM32F0xx_HAL_Driver/Src/stm32f0xx_hal_flash.o
                0x080007c8                HAL_FLASH_Unlock
 .text.HAL_FLASH_Lock
                0x080007f8       0x14 Drivers/STM32F0xx_HAL_Driver/Src/stm32f0xx_hal_flash.o
                0x080007f8                HAL_FLASH_Lock
 .text.FLASH_WaitForLastOperation
                0x0800080c       0x5c Drivers/STM32F0xx_HAL_Driver/Src/stm32f0xx_hal_flash.o
                0x0800080c                FLASH_WaitForLastOperation
 .text.HAL_FLASH_Program
                0x08000868       0xa0 Drivers/STM32F0xx_HAL_Driver/Src/stm32f0xx_hal_flash.o
                0x08000868                HAL_FLASH_Program
 .text.FLASH_MassErase
                0x08000908       0x24 Drivers/STM32F0xx_HAL_Driver/Src/stm32f0xx_hal_flash_ex.o
 .text.FLASH_PageErase
                0x0800092c       0x24 Drivers/STM32F0xx_HAL_Driver/Src/stm32f0xx_hal_flash_ex.o
                0x0800092c                FLASH_PageErase
 .text.HAL_FLASHEx_Erase
                0x08000950       0xa4 Drivers/STM32F0xx_HAL_Driver/Src/stm32f0xx_hal_flash_ex.o
                0x08000950                HAL_FLASHEx_Erase
 .text.HAL_GPIO_Init
                0x080009f4      0x18c Drivers/STM32F0xx_HAL_Driver/Src/stm32f0xx_hal_gpio.o
                0x080009f4                HAL_GPIO_Init
 .text.HAL_GPIO_WritePin
                0x08000b80        0xc Drivers/STM32F0xx_HAL_Driver/Src/stm32f0xx_hal_gpio.o
                0x08000b80                HAL_GPIO_WritePin
 .text.HAL_GPIO_TogglePin
                0x08000b8c       0x10 Drivers/STM32F0xx_HAL_Driver/Src/stm32f0xx_hal_gpio.o
                0x08000b8c                HAL_GPIO_TogglePin
 .text.HAL_GPIO_EXTI_Callback
                0x08000b9c        0x2 Drivers/STM32F0xx_HAL_Driver/Src/stm32f0xx_hal_gpio.o
                0x08000b9c                HAL_GPIO_EXTI_Callback
 *fill*         0x08000b9e        0x2 
 .text.HAL_GPIO_EXTI_IRQHandler
                0x08000ba0       0x1c Drivers/STM32F0xx_HAL_Driver/Src/stm32f0xx_hal_gpio.o
                0x08000ba0                HAL_GPIO_EXTI_IRQHandler
 .text.HAL_RCC_OscConfig
                0x08000bbc      0x498 Drivers/STM32F0xx_HAL_Driver/Src/stm32f0xx_hal_rcc.o
                0x08000bbc                HAL_RCC_OscConfig
 .text.HAL_RCC_GetSysClockFreq
                0x08001054       0x70 Drivers/STM32F0xx_HAL_Driver/Src/stm32f0xx_hal_rcc.o
                0x08001054                HAL_RCC_GetSysClockFreq
 .text.HAL_RCC_ClockConfig
                0x080010c4      0x130 Drivers/STM32F0xx_HAL_Driver/Src/stm32f0xx_hal_rcc.o
                0x080010c4                HAL_RCC_ClockConfig
 .text.Reset_Handler
                0x080011f4       0x50 startup/startup_stm32f030x8.o
                0x080011f4                Reset_Handler
 .text.Default_Handler
                0x08001244        0x2 startup/startup_stm32f030x8.o
                0x08001244                TIM1_CC_IRQHandler
                0x08001244                TIM6_IRQHandler
                0x08001244                I2C1_IRQHandler
                0x08001244                SPI1_IRQHandler
                0x08001244                EXTI2_3_IRQHandler
                0x08001244                ADC1_IRQHandler
                0x08001244                I2C2_IRQHandler
                0x08001244                TIM17_IRQHandler
                0x08001244                RTC_IRQHandler
                0x08001244                TIM16_IRQHandler
                0x08001244                TIM3_IRQHandler
                0x08001244                EXTI4_15_IRQHandler
                0x08001244                RCC_IRQHandler
                0x08001244                DMA1_Channel1_IRQHandler
                0x08001244                Default_Handler
                0x08001244                TIM14_IRQHandler
                0x08001244                DMA1_Channel4_5_IRQHandler
                0x08001244                TIM15_IRQHandler
                0x08001244                SPI2_IRQHandler
                0x08001244                WWDG_IRQHandler
                0x08001244                DMA1_Channel2_3_IRQHandler
                0x08001244                USART2_IRQHandler
                0x08001244                FLASH_IRQHandler
                0x08001244                USART1_IRQHandler
                0x08001244                TIM1_BRK_UP_TRG_COM_IRQHandler
 *fill*         0x08001246        0x2 
 .text.__libc_init_array
                0x08001248       0x48 c:/ac6/systemworkbench/plugins/fr.ac6.mcu.externaltools.arm-none.win32_1.17.0.201812190825/tools/compiler/bin/../lib/gcc/arm-none-eabi/7.3.1/../../../../arm-none-eabi/lib/thumb/v6-m\libc_nano.a(lib_a-init.o)
                0x08001248                __libc_init_array
 .text.memset   0x08001290       0x10 c:/ac6/systemworkbench/plugins/fr.ac6.mcu.externaltools.arm-none.win32_1.17.0.201812190825/tools/compiler/bin/../lib/gcc/arm-none-eabi/7.3.1/../../../../arm-none-eabi/lib/thumb/v6-m\libc_nano.a(lib_a-memset.o)
                0x08001290                memset
 *(.glue_7)
 .glue_7        0x080012a0        0x0 linker stubs
 *(.glue_7t)
 .glue_7t       0x080012a0        0x0 linker stubs
 *(.eh_frame)
 .eh_frame      0x080012a0        0x0 c:/ac6/systemworkbench/plugins/fr.ac6.mcu.externaltools.arm-none.win32_1.17.0.201812190825/tools/compiler/bin/../lib/gcc/arm-none-eabi/7.3.1/thumb/v6-m/crtbegin.o
 *(.init)
 .init          0x080012a0        0x4 c:/ac6/systemworkbench/plugins/fr.ac6.mcu.externaltools.arm-none.win32_1.17.0.201812190825/tools/compiler/bin/../lib/gcc/arm-none-eabi/7.3.1/thumb/v6-m/crti.o
                0x080012a0                _init
 .init          0x080012a4        0x8 c:/ac6/systemworkbench/plugins/fr.ac6.mcu.externaltools.arm-none.win32_1.17.0.201812190825/tools/compiler/bin/../lib/gcc/arm-none-eabi/7.3.1/thumb/v6-m/crtn.o
 *(.fini)
 .fini          0x080012ac        0x4 c:/ac6/systemworkbench/plugins/fr.ac6.mcu.externaltools.arm-none.win32_1.17.0.201812190825/tools/compiler/bin/../lib/gcc/arm-none-eabi/7.3.1/thumb/v6-m/crti.o
                0x080012ac                _fini
 .fini          0x080012b0        0x8 c:/ac6/systemworkbench/plugins/fr.ac6.mcu.externaltools.arm-none.win32_1.17.0.201812190825/tools/compiler/bin/../lib/gcc/arm-none-eabi/7.3.1/thumb/v6-m/crtn.o
                0x080012b8                . = ALIGN (0x4)
                0x080012b8                _etext = .

.vfp11_veneer   0x080012b8        0x0
 .vfp11_veneer  0x080012b8        0x0 linker stubs

.v4_bx          0x080012b8        0x0
 .v4_bx         0x080012b8        0x0 linker stubs

.iplt           0x080012b8        0x0
 .iplt          0x080012b8        0x0 c:/ac6/systemworkbench/plugins/fr.ac6.mcu.externaltools.arm-none.win32_1.17.0.201812190825/tools/compiler/bin/../lib/gcc/arm-none-eabi/7.3.1/thumb/v6-m/crtbegin.o

.rodata         0x080012b8       0x38
                0x080012b8                . = ALIGN (0x4)
 *(.rodata)
 .rodata        0x080012b8       0x18 Core/Src/system_stm32f0xx.o
                0x080012b8                AHBPrescTable
                0x080012c8                APBPrescTable
 .rodata        0x080012d0       0x20 Drivers/STM32F0xx_HAL_Driver/Src/stm32f0xx_hal_rcc.o
 *(.rodata*)
                0x080012f0                . = ALIGN (0x4)

.rel.dyn        0x080012f0        0x0
 .rel.iplt      0x080012f0        0x0 c:/ac6/systemworkbench/plugins/fr.ac6.mcu.externaltools.arm-none.win32_1.17.0.201812190825/tools/compiler/bin/../lib/gcc/arm-none-eabi/7.3.1/thumb/v6-m/crtbegin.o

.ARM.extab
 *(.ARM.extab* .gnu.linkonce.armextab.*)

.ARM            0x080012f0        0x0
                0x080012f0                __exidx_start = .
 *(.ARM.exidx*)
                0x080012f0                __exidx_end = .

.preinit_array  0x080012f0        0x0
                0x080012f0                PROVIDE (__preinit_array_start = .)
 *(.preinit_array*)
                0x080012f0                PROVIDE (__preinit_array_end = .)

.init_array     0x080012f0        0x4
                0x080012f0                PROVIDE (__init_array_start = .)
 *(SORT_BY_NAME(.init_array.*))
 *(.init_array*)
 .init_array    0x080012f0        0x4 c:/ac6/systemworkbench/plugins/fr.ac6.mcu.externaltools.arm-none.win32_1.17.0.201812190825/tools/compiler/bin/../lib/gcc/arm-none-eabi/7.3.1/thumb/v6-m/crtbegin.o
                0x080012f4                PROVIDE (__init_array_end = .)

.fini_array     0x080012f4        0x4
                [!provide]                PROVIDE (__fini_array_start = .)
 *(SORT_BY_NAME(.fini_array.*))
 *(.fini_array*)
 .fini_array    0x080012f4        0x4 c:/ac6/systemworkbench/plugins/fr.ac6.mcu.externaltools.arm-none.win32_1.17.0.201812190825/tools/compiler/bin/../lib/gcc/arm-none-eabi/7.3.1/thumb/v6-m/crtbegin.o
                [!provide]                PROVIDE (__fini_array_end = .)
                0x080012f8                _sidata = LOADADDR (.data)

.data           0x20000000       0x58 load address 0x080012f8
                0x20000000                . = ALIGN (0x4)
                0x20000000                _sdata = .
 *(.data)
 .data          0x20000000       0x4a Core/Src/main.o
                0x20000000                buff_write
                0x20000014                buff_write_32
                0x2000003c                buff_write_8
                0x20000048                data
 *fill*         0x2000004a        0x2 
 .data          0x2000004c        0x4 Core/Src/system_stm32f0xx.o
                0x2000004c                SystemCoreClock
 .data          0x20000050        0x8 Drivers/STM32F0xx_HAL_Driver/Src/stm32f0xx_hal.o
                0x20000050                uwTickFreq
                0x20000054                uwTickPrio
 *(.data*)
                0x20000058                . = ALIGN (0x4)
                0x20000058                _edata = .

.igot.plt       0x20000058        0x0 load address 0x08001350
 .igot.plt      0x20000058        0x0 c:/ac6/systemworkbench/plugins/fr.ac6.mcu.externaltools.arm-none.win32_1.17.0.201812190825/tools/compiler/bin/../lib/gcc/arm-none-eabi/7.3.1/thumb/v6-m/crtbegin.o
                0x20000058                . = ALIGN (0x4)

.bss            0x20000058       0x8c load address 0x08001350
                0x20000058                _sbss = .
                0x20000058                __bss_start__ = _sbss
 *(.bss)
 .bss           0x20000058       0x1c c:/ac6/systemworkbench/plugins/fr.ac6.mcu.externaltools.arm-none.win32_1.17.0.201812190825/tools/compiler/bin/../lib/gcc/arm-none-eabi/7.3.1/thumb/v6-m/crtbegin.o
 *(.bss*)
 *(COMMON)
 *fill*         0x20000074        0x4 
 COMMON         0x20000078       0x20 Core/Src/Internal_flash.o
                0x20000078                pFlash
 COMMON         0x20000098       0x47 Core/Src/main.o
                0x20000098                buff_read_32
                0x200000c0                buff_read_16
                0x200000d4                buff_read_8
                0x200000de                i
 *fill*         0x200000df        0x1 
 COMMON         0x200000e0        0x4 Drivers/STM32F0xx_HAL_Driver/Src/stm32f0xx_hal.o
                0x200000e0                uwTick
                0x200000e4                . = ALIGN (0x4)
                0x200000e4                _ebss = .
                0x200000e4                __bss_end__ = _ebss

._user_heap_stack
                0x200000e4      0x604 load address 0x08001350
                0x200000e8                . = ALIGN (0x8)
 *fill*         0x200000e4        0x4 
                0x200000e8                PROVIDE (end = .)
                [!provide]                PROVIDE (_end = .)
                0x200002e8                . = (. + _Min_Heap_Size)
 *fill*         0x200000e8      0x200 
                0x200006e8                . = (. + _Min_Stack_Size)
 *fill*         0x200002e8      0x400 
                0x200006e8                . = ALIGN (0x8)

/DISCARD/
 libc.a(*)
 libm.a(*)
 libgcc.a(*)

.ARM.attributes
                0x00000000       0x28
 *(.ARM.attributes)
 .ARM.attributes
                0x00000000       0x1e c:/ac6/systemworkbench/plugins/fr.ac6.mcu.externaltools.arm-none.win32_1.17.0.201812190825/tools/compiler/bin/../lib/gcc/arm-none-eabi/7.3.1/thumb/v6-m/crti.o
 .ARM.attributes
                0x0000001e       0x2c c:/ac6/systemworkbench/plugins/fr.ac6.mcu.externaltools.arm-none.win32_1.17.0.201812190825/tools/compiler/bin/../lib/gcc/arm-none-eabi/7.3.1/thumb/v6-m/crtbegin.o
 .ARM.attributes
                0x0000004a       0x31 Core/Src/Internal_flash.o
 .ARM.attributes
                0x0000007b       0x31 Core/Src/gpio.o
 .ARM.attributes
                0x000000ac       0x31 Core/Src/main.o
 .ARM.attributes
                0x000000dd       0x31 Core/Src/stm32f0xx_hal_msp.o
 .ARM.attributes
                0x0000010e       0x31 Core/Src/stm32f0xx_it.o
 .ARM.attributes
                0x0000013f       0x31 Core/Src/system_stm32f0xx.o
 .ARM.attributes
                0x00000170       0x31 Drivers/STM32F0xx_HAL_Driver/Src/stm32f0xx_hal.o
 .ARM.attributes
                0x000001a1       0x31 Drivers/STM32F0xx_HAL_Driver/Src/stm32f0xx_hal_cortex.o
 .ARM.attributes
                0x000001d2       0x31 Drivers/STM32F0xx_HAL_Driver/Src/stm32f0xx_hal_flash.o
 .ARM.attributes
                0x00000203       0x31 Drivers/STM32F0xx_HAL_Driver/Src/stm32f0xx_hal_flash_ex.o
 .ARM.attributes
                0x00000234       0x31 Drivers/STM32F0xx_HAL_Driver/Src/stm32f0xx_hal_gpio.o
 .ARM.attributes
                0x00000265       0x31 Drivers/STM32F0xx_HAL_Driver/Src/stm32f0xx_hal_rcc.o
 .ARM.attributes
                0x00000296       0x21 startup/startup_stm32f030x8.o
 .ARM.attributes
                0x000002b7       0x1e c:/ac6/systemworkbench/plugins/fr.ac6.mcu.externaltools.arm-none.win32_1.17.0.201812190825/tools/compiler/bin/../lib/gcc/arm-none-eabi/7.3.1/thumb/v6-m\libgcc.a(_udivsi3.o)
 .ARM.attributes
                0x000002d5       0x1e c:/ac6/systemworkbench/plugins/fr.ac6.mcu.externaltools.arm-none.win32_1.17.0.201812190825/tools/compiler/bin/../lib/gcc/arm-none-eabi/7.3.1/thumb/v6-m\libgcc.a(_dvmd_tls.o)
 .ARM.attributes
                0x000002f3       0x2c c:/ac6/systemworkbench/plugins/fr.ac6.mcu.externaltools.arm-none.win32_1.17.0.201812190825/tools/compiler/bin/../lib/gcc/arm-none-eabi/7.3.1/../../../../arm-none-eabi/lib/thumb/v6-m\libc_nano.a(lib_a-init.o)
 .ARM.attributes
                0x0000031f       0x2c c:/ac6/systemworkbench/plugins/fr.ac6.mcu.externaltools.arm-none.win32_1.17.0.201812190825/tools/compiler/bin/../lib/gcc/arm-none-eabi/7.3.1/../../../../arm-none-eabi/lib/thumb/v6-m\libc_nano.a(lib_a-memset.o)
 .ARM.attributes
                0x0000034b       0x1e c:/ac6/systemworkbench/plugins/fr.ac6.mcu.externaltools.arm-none.win32_1.17.0.201812190825/tools/compiler/bin/../lib/gcc/arm-none-eabi/7.3.1/thumb/v6-m/crtn.o
OUTPUT(BootLoader_F0.elf elf32-littlearm)

.debug_info     0x00000000     0x4be7
 .debug_info    0x00000000      0x87a Core/Src/Internal_flash.o
 .debug_info    0x0000087a      0x429 Core/Src/gpio.o
 .debug_info    0x00000ca3      0x86d Core/Src/main.o
 .debug_info    0x00001510      0x25e Core/Src/stm32f0xx_hal_msp.o
 .debug_info    0x0000176e      0x203 Core/Src/stm32f0xx_it.o
 .debug_info    0x00001971      0x2a2 Core/Src/system_stm32f0xx.o
 .debug_info    0x00001c13      0x70a Drivers/STM32F0xx_HAL_Driver/Src/stm32f0xx_hal.o
 .debug_info    0x0000231d      0x813 Drivers/STM32F0xx_HAL_Driver/Src/stm32f0xx_hal_cortex.o
 .debug_info    0x00002b30      0x696 Drivers/STM32F0xx_HAL_Driver/Src/stm32f0xx_hal_flash.o
 .debug_info    0x000031c6      0x9ac Drivers/STM32F0xx_HAL_Driver/Src/stm32f0xx_hal_flash_ex.o
 .debug_info    0x00003b72      0x67e Drivers/STM32F0xx_HAL_Driver/Src/stm32f0xx_hal_gpio.o
 .debug_info    0x000041f0      0x9d5 Drivers/STM32F0xx_HAL_Driver/Src/stm32f0xx_hal_rcc.o
 .debug_info    0x00004bc5       0x22 startup/startup_stm32f030x8.o

.debug_abbrev   0x00000000     0x1621
 .debug_abbrev  0x00000000      0x22f Core/Src/Internal_flash.o
 .debug_abbrev  0x0000022f      0x186 Core/Src/gpio.o
 .debug_abbrev  0x000003b5      0x25f Core/Src/main.o
 .debug_abbrev  0x00000614      0x109 Core/Src/stm32f0xx_hal_msp.o
 .debug_abbrev  0x0000071d       0xfb Core/Src/stm32f0xx_it.o
 .debug_abbrev  0x00000818      0x12b Core/Src/system_stm32f0xx.o
 .debug_abbrev  0x00000943      0x234 Drivers/STM32F0xx_HAL_Driver/Src/stm32f0xx_hal.o
 .debug_abbrev  0x00000b77      0x264 Drivers/STM32F0xx_HAL_Driver/Src/stm32f0xx_hal_cortex.o
 .debug_abbrev  0x00000ddb      0x20a Drivers/STM32F0xx_HAL_Driver/Src/stm32f0xx_hal_flash.o
 .debug_abbrev  0x00000fe5      0x1fe Drivers/STM32F0xx_HAL_Driver/Src/stm32f0xx_hal_flash_ex.o
 .debug_abbrev  0x000011e3      0x1de Drivers/STM32F0xx_HAL_Driver/Src/stm32f0xx_hal_gpio.o
 .debug_abbrev  0x000013c1      0x24e Drivers/STM32F0xx_HAL_Driver/Src/stm32f0xx_hal_rcc.o
 .debug_abbrev  0x0000160f       0x12 startup/startup_stm32f030x8.o

.debug_loc      0x00000000     0x1e84
 .debug_loc     0x00000000      0x6c4 Core/Src/Internal_flash.o
 .debug_loc     0x000006c4       0x39 Core/Src/main.o
 .debug_loc     0x000006fd      0x13b Core/Src/system_stm32f0xx.o
 .debug_loc     0x00000838      0x11b Drivers/STM32F0xx_HAL_Driver/Src/stm32f0xx_hal.o
 .debug_loc     0x00000953      0x3b7 Drivers/STM32F0xx_HAL_Driver/Src/stm32f0xx_hal_cortex.o
 .debug_loc     0x00000d0a      0x354 Drivers/STM32F0xx_HAL_Driver/Src/stm32f0xx_hal_flash.o
 .debug_loc     0x0000105e      0x6aa Drivers/STM32F0xx_HAL_Driver/Src/stm32f0xx_hal_flash_ex.o
 .debug_loc     0x00001708      0x2e1 Drivers/STM32F0xx_HAL_Driver/Src/stm32f0xx_hal_gpio.o
 .debug_loc     0x000019e9      0x49b Drivers/STM32F0xx_HAL_Driver/Src/stm32f0xx_hal_rcc.o

.debug_aranges  0x00000000      0x4a0
 .debug_aranges
                0x00000000       0x48 Core/Src/Internal_flash.o
 .debug_aranges
                0x00000048       0x20 Core/Src/gpio.o
 .debug_aranges
                0x00000068       0x40 Core/Src/main.o
 .debug_aranges
                0x000000a8       0x20 Core/Src/stm32f0xx_hal_msp.o
 .debug_aranges
                0x000000c8       0x48 Core/Src/stm32f0xx_it.o
 .debug_aranges
                0x00000110       0x28 Core/Src/system_stm32f0xx.o
 .debug_aranges
                0x00000138       0xd0 Drivers/STM32F0xx_HAL_Driver/Src/stm32f0xx_hal.o
 .debug_aranges
                0x00000208       0x78 Drivers/STM32F0xx_HAL_Driver/Src/stm32f0xx_hal_cortex.o
 .debug_aranges
                0x00000280       0x88 Drivers/STM32F0xx_HAL_Driver/Src/stm32f0xx_hal_flash.o
 .debug_aranges
                0x00000308       0x98 Drivers/STM32F0xx_HAL_Driver/Src/stm32f0xx_hal_flash_ex.o
 .debug_aranges
                0x000003a0       0x58 Drivers/STM32F0xx_HAL_Driver/Src/stm32f0xx_hal_gpio.o
 .debug_aranges
                0x000003f8       0x80 Drivers/STM32F0xx_HAL_Driver/Src/stm32f0xx_hal_rcc.o
 .debug_aranges
                0x00000478       0x28 startup/startup_stm32f030x8.o

.debug_ranges   0x00000000      0x450
 .debug_ranges  0x00000000       0x38 Core/Src/Internal_flash.o
 .debug_ranges  0x00000038       0x10 Core/Src/gpio.o
 .debug_ranges  0x00000048       0x30 Core/Src/main.o
 .debug_ranges  0x00000078       0x10 Core/Src/stm32f0xx_hal_msp.o
 .debug_ranges  0x00000088       0x38 Core/Src/stm32f0xx_it.o
 .debug_ranges  0x000000c0       0x18 Core/Src/system_stm32f0xx.o
 .debug_ranges  0x000000d8       0xc0 Drivers/STM32F0xx_HAL_Driver/Src/stm32f0xx_hal.o
 .debug_ranges  0x00000198       0xc8 Drivers/STM32F0xx_HAL_Driver/Src/stm32f0xx_hal_cortex.o
 .debug_ranges  0x00000260       0x78 Drivers/STM32F0xx_HAL_Driver/Src/stm32f0xx_hal_flash.o
 .debug_ranges  0x000002d8       0x88 Drivers/STM32F0xx_HAL_Driver/Src/stm32f0xx_hal_flash_ex.o
 .debug_ranges  0x00000360       0x48 Drivers/STM32F0xx_HAL_Driver/Src/stm32f0xx_hal_gpio.o
 .debug_ranges  0x000003a8       0x88 Drivers/STM32F0xx_HAL_Driver/Src/stm32f0xx_hal_rcc.o
 .debug_ranges  0x00000430       0x20 startup/startup_stm32f030x8.o

.debug_macro    0x00000000     0xe670
 .debug_macro   0x00000000      0x1a9 Core/Src/Internal_flash.o
 .debug_macro   0x000001a9      0xa42 Core/Src/Internal_flash.o
 .debug_macro   0x00000beb      0x127 Core/Src/Internal_flash.o
 .debug_macro   0x00000d12       0x2e Core/Src/Internal_flash.o
 .debug_macro   0x00000d40       0x22 Core/Src/Internal_flash.o
 .debug_macro   0x00000d62       0x22 Core/Src/Internal_flash.o
 .debug_macro   0x00000d84       0x8e Core/Src/Internal_flash.o
 .debug_macro   0x00000e12       0x51 Core/Src/Internal_flash.o
 .debug_macro   0x00000e63       0xef Core/Src/Internal_flash.o
 .debug_macro   0x00000f52       0x6a Core/Src/Internal_flash.o
 .debug_macro   0x00000fbc      0x1df Core/Src/Internal_flash.o
 .debug_macro   0x0000119b       0x1c Core/Src/Internal_flash.o
 .debug_macro   0x000011b7       0x22 Core/Src/Internal_flash.o
 .debug_macro   0x000011d9       0xb5 Core/Src/Internal_flash.o
 .debug_macro   0x0000128e      0x391 Core/Src/Internal_flash.o
 .debug_macro   0x0000161f     0x6f39 Core/Src/Internal_flash.o
 .debug_macro   0x00008558       0x3c Core/Src/Internal_flash.o
 .debug_macro   0x00008594     0x3461 Core/Src/Internal_flash.o
 .debug_macro   0x0000b9f5      0x174 Core/Src/Internal_flash.o
 .debug_macro   0x0000bb69       0x55 Core/Src/Internal_flash.o
 .debug_macro   0x0000bbbe      0x924 Core/Src/Internal_flash.o
 .debug_macro   0x0000c4e2      0x17f Core/Src/Internal_flash.o
 .debug_macro   0x0000c661      0x12f Core/Src/Internal_flash.o
 .debug_macro   0x0000c790       0xd9 Core/Src/Internal_flash.o
 .debug_macro   0x0000c869      0x1a0 Core/Src/Internal_flash.o
 .debug_macro   0x0000ca09      0x1ed Core/Src/Internal_flash.o
 .debug_macro   0x0000cbf6       0x34 Core/Src/Internal_flash.o
 .debug_macro   0x0000cc2a       0x43 Core/Src/Internal_flash.o
 .debug_macro   0x0000cc6d       0x28 Core/Src/Internal_flash.o
 .debug_macro   0x0000cc95       0xb0 Core/Src/Internal_flash.o
 .debug_macro   0x0000cd45      0x199 Core/Src/Internal_flash.o
 .debug_macro   0x0000cede      0x22c Core/Src/Internal_flash.o
 .debug_macro   0x0000d10a       0x60 Core/Src/Internal_flash.o
 .debug_macro   0x0000d16a       0xa5 Core/Src/Internal_flash.o
 .debug_macro   0x0000d20f       0x4c Core/Src/Internal_flash.o
 .debug_macro   0x0000d25b       0x2b Core/Src/Internal_flash.o
 .debug_macro   0x0000d286       0xff Core/Src/Internal_flash.o
 .debug_macro   0x0000d385       0x10 Core/Src/Internal_flash.o
 .debug_macro   0x0000d395      0x1b3 Core/Src/gpio.o
 .debug_macro   0x0000d548       0x34 Core/Src/gpio.o
 .debug_macro   0x0000d57c      0x1cc Core/Src/main.o
 .debug_macro   0x0000d748       0x16 Core/Src/main.o
 .debug_macro   0x0000d75e      0x1a9 Core/Src/stm32f0xx_hal_msp.o
 .debug_macro   0x0000d907      0x1b3 Core/Src/stm32f0xx_it.o
 .debug_macro   0x0000daba      0x19a Core/Src/system_stm32f0xx.o
 .debug_macro   0x0000dc54      0x1be Drivers/STM32F0xx_HAL_Driver/Src/stm32f0xx_hal.o
 .debug_macro   0x0000de12      0x19a Drivers/STM32F0xx_HAL_Driver/Src/stm32f0xx_hal_cortex.o
 .debug_macro   0x0000dfac      0x19a Drivers/STM32F0xx_HAL_Driver/Src/stm32f0xx_hal_flash.o
 .debug_macro   0x0000e146      0x1ac Drivers/STM32F0xx_HAL_Driver/Src/stm32f0xx_hal_flash_ex.o
 .debug_macro   0x0000e2f2      0x1d2 Drivers/STM32F0xx_HAL_Driver/Src/stm32f0xx_hal_gpio.o
 .debug_macro   0x0000e4c4      0x1ac Drivers/STM32F0xx_HAL_Driver/Src/stm32f0xx_hal_rcc.o

.debug_line     0x00000000     0x5dc8
 .debug_line    0x00000000      0x815 Core/Src/Internal_flash.o
 .debug_line    0x00000815      0x6b3 Core/Src/gpio.o
 .debug_line    0x00000ec8      0x72b Core/Src/main.o
 .debug_line    0x000015f3      0x69e Core/Src/stm32f0xx_hal_msp.o
 .debug_line    0x00001c91      0x6ff Core/Src/stm32f0xx_it.o
 .debug_line    0x00002390      0x6bc Core/Src/system_stm32f0xx.o
 .debug_line    0x00002a4c      0x852 Drivers/STM32F0xx_HAL_Driver/Src/stm32f0xx_hal.o
 .debug_line    0x0000329e      0x82b Drivers/STM32F0xx_HAL_Driver/Src/stm32f0xx_hal_cortex.o
 .debug_line    0x00003ac9      0x867 Drivers/STM32F0xx_HAL_Driver/Src/stm32f0xx_hal_flash.o
 .debug_line    0x00004330      0x8e2 Drivers/STM32F0xx_HAL_Driver/Src/stm32f0xx_hal_flash_ex.o
 .debug_line    0x00004c12      0x7ec Drivers/STM32F0xx_HAL_Driver/Src/stm32f0xx_hal_gpio.o
 .debug_line    0x000053fe      0x948 Drivers/STM32F0xx_HAL_Driver/Src/stm32f0xx_hal_rcc.o
 .debug_line    0x00005d46       0x82 startup/startup_stm32f030x8.o

.debug_str      0x00000000    0x54878
 .debug_str     0x00000000    0x534df Core/Src/Internal_flash.o
                              0x5378a (size before relaxing)
 .debug_str     0x000534df      0x1e9 Core/Src/gpio.o
                              0x535aa (size before relaxing)
 .debug_str     0x000536c8      0x3ec Core/Src/main.o
                              0x53a13 (size before relaxing)
 .debug_str     0x00053ab4       0x2c Core/Src/stm32f0xx_hal_msp.o
                              0x534d7 (size before relaxing)
 .debug_str     0x00053ae0       0xae Core/Src/stm32f0xx_it.o
                              0x53513 (size before relaxing)
 .debug_str     0x00053b8e       0x5f Core/Src/system_stm32f0xx.o
                              0x53453 (size before relaxing)
 .debug_str     0x00053bed      0x2da Drivers/STM32F0xx_HAL_Driver/Src/stm32f0xx_hal.o
                              0x53983 (size before relaxing)
 .debug_str     0x00053ec7      0x1c9 Drivers/STM32F0xx_HAL_Driver/Src/stm32f0xx_hal_cortex.o
                              0x53813 (size before relaxing)
 .debug_str     0x00054090      0x142 Drivers/STM32F0xx_HAL_Driver/Src/stm32f0xx_hal_flash.o
                              0x5372a (size before relaxing)
 .debug_str     0x000541d2      0x2a6 Drivers/STM32F0xx_HAL_Driver/Src/stm32f0xx_hal_flash_ex.o
                              0x5388b (size before relaxing)
 .debug_str     0x00054478      0x1c2 Drivers/STM32F0xx_HAL_Driver/Src/stm32f0xx_hal_gpio.o
                              0x536ef (size before relaxing)
 .debug_str     0x0005463a      0x20f Drivers/STM32F0xx_HAL_Driver/Src/stm32f0xx_hal_rcc.o
                              0x53884 (size before relaxing)
 .debug_str     0x00054849       0x2f startup/startup_stm32f030x8.o
                                 0x65 (size before relaxing)

.comment        0x00000000       0x7f
 .comment       0x00000000       0x7f Core/Src/Internal_flash.o
                                 0x80 (size before relaxing)
 .comment       0x0000007f       0x80 Core/Src/gpio.o
 .comment       0x0000007f       0x80 Core/Src/main.o
 .comment       0x0000007f       0x80 Core/Src/stm32f0xx_hal_msp.o
 .comment       0x0000007f       0x80 Core/Src/stm32f0xx_it.o
 .comment       0x0000007f       0x80 Core/Src/system_stm32f0xx.o
 .comment       0x0000007f       0x80 Drivers/STM32F0xx_HAL_Driver/Src/stm32f0xx_hal.o
 .comment       0x0000007f       0x80 Drivers/STM32F0xx_HAL_Driver/Src/stm32f0xx_hal_cortex.o
 .comment       0x0000007f       0x80 Drivers/STM32F0xx_HAL_Driver/Src/stm32f0xx_hal_flash.o
 .comment       0x0000007f       0x80 Drivers/STM32F0xx_HAL_Driver/Src/stm32f0xx_hal_flash_ex.o
 .comment       0x0000007f       0x80 Drivers/STM32F0xx_HAL_Driver/Src/stm32f0xx_hal_gpio.o
 .comment       0x0000007f       0x80 Drivers/STM32F0xx_HAL_Driver/Src/stm32f0xx_hal_rcc.o

.debug_frame    0x00000000      0xa10
 .debug_frame   0x00000000       0xc0 Core/Src/Internal_flash.o
 .debug_frame   0x000000c0       0x30 Core/Src/gpio.o
 .debug_frame   0x000000f0       0x88 Core/Src/main.o
 .debug_frame   0x00000178       0x24 Core/Src/stm32f0xx_hal_msp.o
 .debug_frame   0x0000019c       0x80 Core/Src/stm32f0xx_it.o
 .debug_frame   0x0000021c       0x38 Core/Src/system_stm32f0xx.o
 .debug_frame   0x00000254      0x1ac Drivers/STM32F0xx_HAL_Driver/Src/stm32f0xx_hal.o
 .debug_frame   0x00000400       0xe4 Drivers/STM32F0xx_HAL_Driver/Src/stm32f0xx_hal_cortex.o
 .debug_frame   0x000004e4      0x140 Drivers/STM32F0xx_HAL_Driver/Src/stm32f0xx_hal_flash.o
 .debug_frame   0x00000624      0x180 Drivers/STM32F0xx_HAL_Driver/Src/stm32f0xx_hal_flash_ex.o
 .debug_frame   0x000007a4       0xc8 Drivers/STM32F0xx_HAL_Driver/Src/stm32f0xx_hal_gpio.o
 .debug_frame   0x0000086c      0x138 Drivers/STM32F0xx_HAL_Driver/Src/stm32f0xx_hal_rcc.o
 .debug_frame   0x000009a4       0x20 c:/ac6/systemworkbench/plugins/fr.ac6.mcu.externaltools.arm-none.win32_1.17.0.201812190825/tools/compiler/bin/../lib/gcc/arm-none-eabi/7.3.1/thumb/v6-m\libgcc.a(_udivsi3.o)
 .debug_frame   0x000009c4       0x2c c:/ac6/systemworkbench/plugins/fr.ac6.mcu.externaltools.arm-none.win32_1.17.0.201812190825/tools/compiler/bin/../lib/gcc/arm-none-eabi/7.3.1/../../../../arm-none-eabi/lib/thumb/v6-m\libc_nano.a(lib_a-init.o)
 .debug_frame   0x000009f0       0x20 c:/ac6/systemworkbench/plugins/fr.ac6.mcu.externaltools.arm-none.win32_1.17.0.201812190825/tools/compiler/bin/../lib/gcc/arm-none-eabi/7.3.1/../../../../arm-none-eabi/lib/thumb/v6-m\libc_nano.a(lib_a-memset.o)
