Archive member included to satisfy reference by file (symbol)

c:/ac6/systemworkbench/plugins/fr.ac6.mcu.externaltools.arm-none.win32_1.17.0.201812190825/tools/compiler/bin/../lib/gcc/arm-none-eabi/7.3.1/thumb/v6-m\libgcc.a(_udivsi3.o)
                              Core/Src/system_stm32f0xx.o (__aeabi_uidiv)
c:/ac6/systemworkbench/plugins/fr.ac6.mcu.externaltools.arm-none.win32_1.17.0.201812190825/tools/compiler/bin/../lib/gcc/arm-none-eabi/7.3.1/thumb/v6-m\libgcc.a(_dvmd_tls.o)
                              c:/ac6/systemworkbench/plugins/fr.ac6.mcu.externaltools.arm-none.win32_1.17.0.201812190825/tools/compiler/bin/../lib/gcc/arm-none-eabi/7.3.1/thumb/v6-m\libgcc.a(_udivsi3.o) (__aeabi_idiv0)
c:/ac6/systemworkbench/plugins/fr.ac6.mcu.externaltools.arm-none.win32_1.17.0.201812190825/tools/compiler/bin/../lib/gcc/arm-none-eabi/7.3.1/../../../../arm-none-eabi/lib/thumb/v6-m\libc_nano.a(lib_a-errno.o)
                              Core/Src/syscalls.o (__errno)
c:/ac6/systemworkbench/plugins/fr.ac6.mcu.externaltools.arm-none.win32_1.17.0.201812190825/tools/compiler/bin/../lib/gcc/arm-none-eabi/7.3.1/../../../../arm-none-eabi/lib/thumb/v6-m\libc_nano.a(lib_a-exit.o)
                              c:/ac6/systemworkbench/plugins/fr.ac6.mcu.externaltools.arm-none.win32_1.17.0.201812190825/tools/compiler/bin/../lib/gcc/arm-none-eabi/7.3.1/../../../../arm-none-eabi/lib/thumb/v6-m/crt0.o (exit)
c:/ac6/systemworkbench/plugins/fr.ac6.mcu.externaltools.arm-none.win32_1.17.0.201812190825/tools/compiler/bin/../lib/gcc/arm-none-eabi/7.3.1/../../../../arm-none-eabi/lib/thumb/v6-m\libc_nano.a(lib_a-impure.o)
                              c:/ac6/systemworkbench/plugins/fr.ac6.mcu.externaltools.arm-none.win32_1.17.0.201812190825/tools/compiler/bin/../lib/gcc/arm-none-eabi/7.3.1/../../../../arm-none-eabi/lib/thumb/v6-m\libc_nano.a(lib_a-exit.o) (_global_impure_ptr)
c:/ac6/systemworkbench/plugins/fr.ac6.mcu.externaltools.arm-none.win32_1.17.0.201812190825/tools/compiler/bin/../lib/gcc/arm-none-eabi/7.3.1/../../../../arm-none-eabi/lib/thumb/v6-m\libc_nano.a(lib_a-init.o)
                              c:/ac6/systemworkbench/plugins/fr.ac6.mcu.externaltools.arm-none.win32_1.17.0.201812190825/tools/compiler/bin/../lib/gcc/arm-none-eabi/7.3.1/../../../../arm-none-eabi/lib/thumb/v6-m/crt0.o (__libc_init_array)
c:/ac6/systemworkbench/plugins/fr.ac6.mcu.externaltools.arm-none.win32_1.17.0.201812190825/tools/compiler/bin/../lib/gcc/arm-none-eabi/7.3.1/../../../../arm-none-eabi/lib/thumb/v6-m\libc_nano.a(lib_a-memset.o)
                              c:/ac6/systemworkbench/plugins/fr.ac6.mcu.externaltools.arm-none.win32_1.17.0.201812190825/tools/compiler/bin/../lib/gcc/arm-none-eabi/7.3.1/../../../../arm-none-eabi/lib/thumb/v6-m/crt0.o (memset)

Allocating common symbols
Common symbol       size              file

uwTick              0x4               Drivers/STM32F0xx_HAL_Driver/Src/stm32f0xx_hal.o
pFlash              0x20              Drivers/STM32F0xx_HAL_Driver/Src/stm32f0xx_hal_flash.o
i                   0x1               Core/Src/main.o

Discarded input sections

 .text          0x00000000        0x0 c:/ac6/systemworkbench/plugins/fr.ac6.mcu.externaltools.arm-none.win32_1.17.0.201812190825/tools/compiler/bin/../lib/gcc/arm-none-eabi/7.3.1/thumb/v6-m/crti.o
 .data          0x00000000        0x0 c:/ac6/systemworkbench/plugins/fr.ac6.mcu.externaltools.arm-none.win32_1.17.0.201812190825/tools/compiler/bin/../lib/gcc/arm-none-eabi/7.3.1/thumb/v6-m/crti.o
 .bss           0x00000000        0x0 c:/ac6/systemworkbench/plugins/fr.ac6.mcu.externaltools.arm-none.win32_1.17.0.201812190825/tools/compiler/bin/../lib/gcc/arm-none-eabi/7.3.1/thumb/v6-m/crti.o
 .data          0x00000000        0x4 c:/ac6/systemworkbench/plugins/fr.ac6.mcu.externaltools.arm-none.win32_1.17.0.201812190825/tools/compiler/bin/../lib/gcc/arm-none-eabi/7.3.1/thumb/v6-m/crtbegin.o
 .text          0x00000000       0x78 c:/ac6/systemworkbench/plugins/fr.ac6.mcu.externaltools.arm-none.win32_1.17.0.201812190825/tools/compiler/bin/../lib/gcc/arm-none-eabi/7.3.1/../../../../arm-none-eabi/lib/thumb/v6-m/crt0.o
 .data          0x00000000        0x0 c:/ac6/systemworkbench/plugins/fr.ac6.mcu.externaltools.arm-none.win32_1.17.0.201812190825/tools/compiler/bin/../lib/gcc/arm-none-eabi/7.3.1/../../../../arm-none-eabi/lib/thumb/v6-m/crt0.o
 .bss           0x00000000        0x0 c:/ac6/systemworkbench/plugins/fr.ac6.mcu.externaltools.arm-none.win32_1.17.0.201812190825/tools/compiler/bin/../lib/gcc/arm-none-eabi/7.3.1/../../../../arm-none-eabi/lib/thumb/v6-m/crt0.o
 .ARM.extab     0x00000000        0x0 c:/ac6/systemworkbench/plugins/fr.ac6.mcu.externaltools.arm-none.win32_1.17.0.201812190825/tools/compiler/bin/../lib/gcc/arm-none-eabi/7.3.1/../../../../arm-none-eabi/lib/thumb/v6-m/crt0.o
[...]
Memory Configuration

Name             Origin             Length             Attributes
RAM              0x20000000         0x00002000         xrw
FLASH            0x08000000         0x00010000         xr
*default*        0x00000000         0xffffffff

Linker script and memory map

LOAD c:/ac6/systemworkbench/plugins/fr.ac6.mcu.externaltools.arm-none.win32_1.17.0.201812190825/tools/compiler/bin/../lib/gcc/arm-none-eabi/7.3.1/thumb/v6-m/crti.o
LOAD c:/ac6/systemworkbench/plugins/fr.ac6.mcu.externaltools.arm-none.win32_1.17.0.201812190825/tools/compiler/bin/../lib/gcc/arm-none-eabi/7.3.1/thumb/v6-m/crtbegin.o
LOAD c:/ac6/systemworkbench/plugins/fr.ac6.mcu.externaltools.arm-none.win32_1.17.0.201812190825/tools/compiler/bin/../lib/gcc/arm-none-eabi/7.3.1/../../../../arm-none-eabi/lib/thumb/v6-m/crt0.o
LOAD Core/Src/gpio.o
LOAD Core/Src/main.o
LOAD Core/Src/stm32f0xx_hal_msp.o
LOAD Core/Src/stm32f0xx_it.o
LOAD Core/Src/syscalls.o
LOAD Core/Src/system_stm32f0xx.o
LOAD Drivers/STM32F0xx_HAL_Driver/Src/stm32f0xx_hal.o
LOAD Drivers/STM32F0xx_HAL_Driver/Src/stm32f0xx_hal_cortex.o
LOAD Drivers/STM32F0xx_HAL_Driver/Src/stm32f0xx_hal_dma.o
LOAD Drivers/STM32F0xx_HAL_Driver/Src/stm32f0xx_hal_exti.o
LOAD Drivers/STM32F0xx_HAL_Driver/Src/stm32f0xx_hal_flash.o
LOAD Drivers/STM32F0xx_HAL_Driver/Src/stm32f0xx_hal_flash_ex.o
LOAD Drivers/STM32F0xx_HAL_Driver/Src/stm32f0xx_hal_gpio.o
LOAD Drivers/STM32F0xx_HAL_Driver/Src/stm32f0xx_hal_i2c.o
LOAD Drivers/STM32F0xx_HAL_Driver/Src/stm32f0xx_hal_i2c_ex.o
LOAD Drivers/STM32F0xx_HAL_Driver/Src/stm32f0xx_hal_pwr.o
LOAD Drivers/STM32F0xx_HAL_Driver/Src/stm32f0xx_hal_pwr_ex.o
LOAD Drivers/STM32F0xx_HAL_Driver/Src/stm32f0xx_hal_rcc.o
LOAD Drivers/STM32F0xx_HAL_Driver/Src/stm32f0xx_hal_rcc_ex.o
LOAD Drivers/STM32F0xx_HAL_Driver/Src/stm32f0xx_hal_tim.o
LOAD Drivers/STM32F0xx_HAL_Driver/Src/stm32f0xx_hal_tim_ex.o
LOAD startup/startup_stm32f030x8.o
LOAD c:/ac6/systemworkbench/plugins/fr.ac6.mcu.externaltools.arm-none.win32_1.17.0.201812190825/tools/compiler/bin/../lib/gcc/arm-none-eabi/7.3.1/../../../../arm-none-eabi/lib/thumb/v6-m\libm.a
START GROUP
LOAD c:/ac6/systemworkbench/plugins/fr.ac6.mcu.externaltools.arm-none.win32_1.17.0.201812190825/tools/compiler/bin/../lib/gcc/arm-none-eabi/7.3.1/thumb/v6-m\libgcc.a
LOAD c:/ac6/systemworkbench/plugins/fr.ac6.mcu.externaltools.arm-none.win32_1.17.0.201812190825/tools/compiler/bin/../lib/gcc/arm-none-eabi/7.3.1/../../../../arm-none-eabi/lib/thumb/v6-m\libc_nano.a
END GROUP
START GROUP
LOAD c:/ac6/systemworkbench/plugins/fr.ac6.mcu.externaltools.arm-none.win32_1.17.0.201812190825/tools/compiler/bin/../lib/gcc/arm-none-eabi/7.3.1/thumb/v6-m\libgcc.a
LOAD c:/ac6/systemworkbench/plugins/fr.ac6.mcu.externaltools.arm-none.win32_1.17.0.201812190825/tools/compiler/bin/../lib/gcc/arm-none-eabi/7.3.1/../../../../arm-none-eabi/lib/thumb/v6-m\libc_nano.a
LOAD c:/ac6/systemworkbench/plugins/fr.ac6.mcu.externaltools.arm-none.win32_1.17.0.201812190825/tools/compiler/bin/../lib/gcc/arm-none-eabi/7.3.1/../../../../arm-none-eabi/lib/thumb/v6-m\libnosys.a
END GROUP
START GROUP
LOAD c:/ac6/systemworkbench/plugins/fr.ac6.mcu.externaltools.arm-none.win32_1.17.0.201812190825/tools/compiler/bin/../lib/gcc/arm-none-eabi/7.3.1/thumb/v6-m\libgcc.a
LOAD c:/ac6/systemworkbench/plugins/fr.ac6.mcu.externaltools.arm-none.win32_1.17.0.201812190825/tools/compiler/bin/../lib/gcc/arm-none-eabi/7.3.1/../../../../arm-none-eabi/lib/thumb/v6-m\libc_nano.a
LOAD c:/ac6/systemworkbench/plugins/fr.ac6.mcu.externaltools.arm-none.win32_1.17.0.201812190825/tools/compiler/bin/../lib/gcc/arm-none-eabi/7.3.1/../../../../arm-none-eabi/lib/thumb/v6-m\libnosys.a
END GROUP
LOAD c:/ac6/systemworkbench/plugins/fr.ac6.mcu.externaltools.arm-none.win32_1.17.0.201812190825/tools/compiler/bin/../lib/gcc/arm-none-eabi/7.3.1/thumb/v6-m/crtend.o
LOAD c:/ac6/systemworkbench/plugins/fr.ac6.mcu.externaltools.arm-none.win32_1.17.0.201812190825/tools/compiler/bin/../lib/gcc/arm-none-eabi/7.3.1/thumb/v6-m/crtn.o
                0x20002000                _estack = 0x20002000
                0x00000200                _Min_Heap_Size = 0x200
                0x00000400                _Min_Stack_Size = 0x400

.isr_vector     0x08000000       0xc0
                0x08000000                . = ALIGN (0x4)
 *(.isr_vector)
 .isr_vector    0x08000000       0xc0 startup/startup_stm32f030x8.o
                0x08000000                g_pfnVectors
                0x080000c0                . = ALIGN (0x4)

.text           0x080000c0      0xd10
                0x080000c0                . = ALIGN (0x4)
 *(.text)
 .text          0x080000c0       0x48 c:/ac6/systemworkbench/plugins/fr.ac6.mcu.externaltools.arm-none.win32_1.17.0.201812190825/tools/compiler/bin/../lib/gcc/arm-none-eabi/7.3.1/thumb/v6-m/crtbegin.o
 .text          0x08000108      0x114 c:/ac6/systemworkbench/plugins/fr.ac6.mcu.externaltools.arm-none.win32_1.17.0.201812190825/tools/compiler/bin/../lib/gcc/arm-none-eabi/7.3.1/thumb/v6-m\libgcc.a(_udivsi3.o)
                0x08000108                __aeabi_uidiv
                0x08000108                __udivsi3
                0x08000214                __aeabi_uidivmod
 .text          0x0800021c        0x4 c:/ac6/systemworkbench/plugins/fr.ac6.mcu.externaltools.arm-none.win32_1.17.0.201812190825/tools/compiler/bin/../lib/gcc/arm-none-eabi/7.3.1/thumb/v6-m\libgcc.a(_dvmd_tls.o)
                0x0800021c                __aeabi_idiv0
                0x0800021c                __aeabi_ldiv0
 *(.text*)
 .text.MX_GPIO_Init
                0x08000220       0x7c Core/Src/gpio.o
                0x08000220                MX_GPIO_Init
 .text.MX_NVIC_Init
                0x0800029c       0x14 Core/Src/main.o
 .text.bootloader_jump_user_app
                0x080002b0       0x1c Core/Src/main.o
                0x080002b0                bootloader_jump_user_app
 .text.SystemClock_Config
                0x080002cc       0x4a Core/Src/main.o
                0x080002cc                SystemClock_Config
 *fill*         0x08000316        0x2 
 .text.main     0x08000318       0x40 Core/Src/main.o
                0x08000318                main
 .text.HAL_MspInit
                0x08000358       0x30 Core/Src/stm32f0xx_hal_msp.o
                0x08000358                HAL_MspInit
 .text.NMI_Handler
                0x08000388        0x2 Core/Src/stm32f0xx_it.o
                0x08000388                NMI_Handler
 .text.HardFault_Handler
                0x0800038a        0x2 Core/Src/stm32f0xx_it.o
                0x0800038a                HardFault_Handler
 .text.SVC_Handler
                0x0800038c        0x2 Core/Src/stm32f0xx_it.o
                0x0800038c                SVC_Handler
 .text.PendSV_Handler
                0x0800038e        0x2 Core/Src/stm32f0xx_it.o
                0x0800038e                PendSV_Handler
 .text.SysTick_Handler
                0x08000390        0x8 Core/Src/stm32f0xx_it.o
                0x08000390                SysTick_Handler
 .text.EXTI0_1_IRQHandler
                0x08000398        0xa Core/Src/stm32f0xx_it.o
                0x08000398                EXTI0_1_IRQHandler
 .text.SystemInit
                0x080003a2        0x2 Core/Src/system_stm32f0xx.o
                0x080003a2                SystemInit
 .text.HAL_InitTick
                0x080003a4       0x4c Drivers/STM32F0xx_HAL_Driver/Src/stm32f0xx_hal.o
                0x080003a4                HAL_InitTick
 .text.HAL_Init
                0x080003f0       0x20 Drivers/STM32F0xx_HAL_Driver/Src/stm32f0xx_hal.o
                0x080003f0                HAL_Init
 .text.HAL_IncTick
                0x08000410       0x18 Drivers/STM32F0xx_HAL_Driver/Src/stm32f0xx_hal.o
                0x08000410                HAL_IncTick
 .text.HAL_GetTick
                0x08000428        0xc Drivers/STM32F0xx_HAL_Driver/Src/stm32f0xx_hal.o
                0x08000428                HAL_GetTick
 .text.HAL_Delay
                0x08000434       0x24 Drivers/STM32F0xx_HAL_Driver/Src/stm32f0xx_hal.o
                0x08000434                HAL_Delay
 .text.HAL_NVIC_SetPriority
                0x08000458       0x64 Drivers/STM32F0xx_HAL_Driver/Src/stm32f0xx_hal_cortex.o
                0x08000458                HAL_NVIC_SetPriority
 .text.HAL_NVIC_EnableIRQ
                0x080004bc       0x18 Drivers/STM32F0xx_HAL_Driver/Src/stm32f0xx_hal_cortex.o
                0x080004bc                HAL_NVIC_EnableIRQ
 .text.HAL_SYSTICK_Config
                0x080004d4       0x38 Drivers/STM32F0xx_HAL_Driver/Src/stm32f0xx_hal_cortex.o
                0x080004d4                HAL_SYSTICK_Config
 .text.HAL_GPIO_Init
                0x0800050c      0x18c Drivers/STM32F0xx_HAL_Driver/Src/stm32f0xx_hal_gpio.o
                0x0800050c                HAL_GPIO_Init
 .text.HAL_GPIO_WritePin
                0x08000698        0xc Drivers/STM32F0xx_HAL_Driver/Src/stm32f0xx_hal_gpio.o
                0x08000698                HAL_GPIO_WritePin
 .text.HAL_GPIO_TogglePin
                0x080006a4       0x10 Drivers/STM32F0xx_HAL_Driver/Src/stm32f0xx_hal_gpio.o
                0x080006a4                HAL_GPIO_TogglePin
 .text.HAL_GPIO_EXTI_Callback
                0x080006b4        0x2 Drivers/STM32F0xx_HAL_Driver/Src/stm32f0xx_hal_gpio.o
                0x080006b4                HAL_GPIO_EXTI_Callback
 *fill*         0x080006b6        0x2 
 .text.HAL_GPIO_EXTI_IRQHandler
                0x080006b8       0x1c Drivers/STM32F0xx_HAL_Driver/Src/stm32f0xx_hal_gpio.o
                0x080006b8                HAL_GPIO_EXTI_IRQHandler
 .text.HAL_RCC_OscConfig
                0x080006d4      0x498 Drivers/STM32F0xx_HAL_Driver/Src/stm32f0xx_hal_rcc.o
                0x080006d4                HAL_RCC_OscConfig
 .text.HAL_RCC_GetSysClockFreq
                0x08000b6c       0x70 Drivers/STM32F0xx_HAL_Driver/Src/stm32f0xx_hal_rcc.o
                0x08000b6c                HAL_RCC_GetSysClockFreq
 .text.HAL_RCC_ClockConfig
                0x08000bdc      0x130 Drivers/STM32F0xx_HAL_Driver/Src/stm32f0xx_hal_rcc.o
                0x08000bdc                HAL_RCC_ClockConfig
 .text.Reset_Handler
                0x08000d0c       0x50 startup/startup_stm32f030x8.o
                0x08000d0c                Reset_Handler
 .text.Default_Handler
                0x08000d5c        0x2 startup/startup_stm32f030x8.o
                0x08000d5c                TIM1_CC_IRQHandler
                0x08000d5c                TIM6_IRQHandler
                0x08000d5c                I2C1_IRQHandler
                0x08000d5c                SPI1_IRQHandler
                0x08000d5c                EXTI2_3_IRQHandler
                0x08000d5c                ADC1_IRQHandler
                0x08000d5c                I2C2_IRQHandler
                0x08000d5c                TIM17_IRQHandler
                0x08000d5c                RTC_IRQHandler
                0x08000d5c                TIM16_IRQHandler
                0x08000d5c                TIM3_IRQHandler
                0x08000d5c                EXTI4_15_IRQHandler
                0x08000d5c                RCC_IRQHandler
                0x08000d5c                DMA1_Channel1_IRQHandler
                0x08000d5c                Default_Handler
                0x08000d5c                TIM14_IRQHandler
                0x08000d5c                DMA1_Channel4_5_IRQHandler
                0x08000d5c                TIM15_IRQHandler
                0x08000d5c                SPI2_IRQHandler
                0x08000d5c                WWDG_IRQHandler
                0x08000d5c                DMA1_Channel2_3_IRQHandler
                0x08000d5c                USART2_IRQHandler
                0x08000d5c                FLASH_IRQHandler
                0x08000d5c                USART1_IRQHandler
                0x08000d5c                TIM1_BRK_UP_TRG_COM_IRQHandler
 *fill*         0x08000d5e        0x2 
 .text.__libc_init_array
                0x08000d60       0x48 c:/ac6/systemworkbench/plugins/fr.ac6.mcu.externaltools.arm-none.win32_1.17.0.201812190825/tools/compiler/bin/../lib/gcc/arm-none-eabi/7.3.1/../../../../arm-none-eabi/lib/thumb/v6-m\libc_nano.a(lib_a-init.o)
                0x08000d60                __libc_init_array
 .text.memset   0x08000da8       0x10 c:/ac6/systemworkbench/plugins/fr.ac6.mcu.externaltools.arm-none.win32_1.17.0.201812190825/tools/compiler/bin/../lib/gcc/arm-none-eabi/7.3.1/../../../../arm-none-eabi/lib/thumb/v6-m\libc_nano.a(lib_a-memset.o)
                0x08000da8                memset
 *(.glue_7)
 .glue_7        0x08000db8        0x0 linker stubs
 *(.glue_7t)
 .glue_7t       0x08000db8        0x0 linker stubs
 *(.eh_frame)
 .eh_frame      0x08000db8        0x0 c:/ac6/systemworkbench/plugins/fr.ac6.mcu.externaltools.arm-none.win32_1.17.0.201812190825/tools/compiler/bin/../lib/gcc/arm-none-eabi/7.3.1/thumb/v6-m/crtbegin.o
 *(.init)
 .init          0x08000db8        0x4 c:/ac6/systemworkbench/plugins/fr.ac6.mcu.externaltools.arm-none.win32_1.17.0.201812190825/tools/compiler/bin/../lib/gcc/arm-none-eabi/7.3.1/thumb/v6-m/crti.o
                0x08000db8                _init
 .init          0x08000dbc        0x8 c:/ac6/systemworkbench/plugins/fr.ac6.mcu.externaltools.arm-none.win32_1.17.0.201812190825/tools/compiler/bin/../lib/gcc/arm-none-eabi/7.3.1/thumb/v6-m/crtn.o
 *(.fini)
 .fini          0x08000dc4        0x4 c:/ac6/systemworkbench/plugins/fr.ac6.mcu.externaltools.arm-none.win32_1.17.0.201812190825/tools/compiler/bin/../lib/gcc/arm-none-eabi/7.3.1/thumb/v6-m/crti.o
                0x08000dc4                _fini
 .fini          0x08000dc8        0x8 c:/ac6/systemworkbench/plugins/fr.ac6.mcu.externaltools.arm-none.win32_1.17.0.201812190825/tools/compiler/bin/../lib/gcc/arm-none-eabi/7.3.1/thumb/v6-m/crtn.o
                0x08000dd0                . = ALIGN (0x4)
                0x08000dd0                _etext = .

.vfp11_veneer   0x08000dd0        0x0
 .vfp11_veneer  0x08000dd0        0x0 linker stubs

.v4_bx          0x08000dd0        0x0
 .v4_bx         0x08000dd0        0x0 linker stubs

.iplt           0x08000dd0        0x0
 .iplt          0x08000dd0        0x0 c:/ac6/systemworkbench/plugins/fr.ac6.mcu.externaltools.arm-none.win32_1.17.0.201812190825/tools/compiler/bin/../lib/gcc/arm-none-eabi/7.3.1/thumb/v6-m/crtbegin.o

.rodata         0x08000dd0       0x38
                0x08000dd0                . = ALIGN (0x4)
 *(.rodata)
 .rodata        0x08000dd0       0x18 Core/Src/system_stm32f0xx.o
                0x08000dd0                AHBPrescTable
                0x08000de0                APBPrescTable
 .rodata        0x08000de8       0x20 Drivers/STM32F0xx_HAL_Driver/Src/stm32f0xx_hal_rcc.o
 *(.rodata*)
                0x08000e08                . = ALIGN (0x4)

.rel.dyn        0x08000e08        0x0
 .rel.iplt      0x08000e08        0x0 c:/ac6/systemworkbench/plugins/fr.ac6.mcu.externaltools.arm-none.win32_1.17.0.201812190825/tools/compiler/bin/../lib/gcc/arm-none-eabi/7.3.1/thumb/v6-m/crtbegin.o

.ARM.extab
 *(.ARM.extab* .gnu.linkonce.armextab.*)

.ARM            0x08000e08        0x0
                0x08000e08                __exidx_start = .
 *(.ARM.exidx*)
                0x08000e08                __exidx_end = .

.preinit_array  0x08000e08        0x0
                0x08000e08                PROVIDE (__preinit_array_start = .)
 *(.preinit_array*)
                0x08000e08                PROVIDE (__preinit_array_end = .)

.init_array     0x08000e08        0x4
                0x08000e08                PROVIDE (__init_array_start = .)
 *(SORT_BY_NAME(.init_array.*))
 *(.init_array*)
 .init_array    0x08000e08        0x4 c:/ac6/systemworkbench/plugins/fr.ac6.mcu.externaltools.arm-none.win32_1.17.0.201812190825/tools/compiler/bin/../lib/gcc/arm-none-eabi/7.3.1/thumb/v6-m/crtbegin.o
                0x08000e0c                PROVIDE (__init_array_end = .)

.fini_array     0x08000e0c        0x4
                [!provide]                PROVIDE (__fini_array_start = .)
 *(SORT_BY_NAME(.fini_array.*))
 *(.fini_array*)
 .fini_array    0x08000e0c        0x4 c:/ac6/systemworkbench/plugins/fr.ac6.mcu.externaltools.arm-none.win32_1.17.0.201812190825/tools/compiler/bin/../lib/gcc/arm-none-eabi/7.3.1/thumb/v6-m/crtbegin.o
                [!provide]                PROVIDE (__fini_array_end = .)
                0x08000e10                _sidata = LOADADDR (.data)

.data           0x20000000        0xc load address 0x08000e10
                0x20000000                . = ALIGN (0x4)
                0x20000000                _sdata = .
 *(.data)
 .data          0x20000000        0x4 Core/Src/system_stm32f0xx.o
                0x20000000                SystemCoreClock
 .data          0x20000004        0x8 Drivers/STM32F0xx_HAL_Driver/Src/stm32f0xx_hal.o
                0x20000004                uwTickFreq
                0x20000008                uwTickPrio
 *(.data*)
                0x2000000c                . = ALIGN (0x4)
                0x2000000c                _edata = .

.igot.plt       0x2000000c        0x0 load address 0x08000e1c
 .igot.plt      0x2000000c        0x0 c:/ac6/systemworkbench/plugins/fr.ac6.mcu.externaltools.arm-none.win32_1.17.0.201812190825/tools/compiler/bin/../lib/gcc/arm-none-eabi/7.3.1/thumb/v6-m/crtbegin.o
                0x2000000c                . = ALIGN (0x4)

.bss            0x2000000c       0x24 load address 0x08000e1c
                0x2000000c                _sbss = .
                0x2000000c                __bss_start__ = _sbss
 *(.bss)
 .bss           0x2000000c       0x1c c:/ac6/systemworkbench/plugins/fr.ac6.mcu.externaltools.arm-none.win32_1.17.0.201812190825/tools/compiler/bin/../lib/gcc/arm-none-eabi/7.3.1/thumb/v6-m/crtbegin.o
 *(.bss*)
 *(COMMON)
 COMMON         0x20000028        0x1 Core/Src/main.o
                0x20000028                i
 *fill*         0x20000029        0x3 
 COMMON         0x2000002c        0x4 Drivers/STM32F0xx_HAL_Driver/Src/stm32f0xx_hal.o
                0x2000002c                uwTick
                0x20000030                . = ALIGN (0x4)
                0x20000030                _ebss = .
                0x20000030                __bss_end__ = _ebss

._user_heap_stack
                0x20000030      0x600 load address 0x08000e1c
                0x20000030                . = ALIGN (0x8)
                0x20000030                PROVIDE (end = .)
                [!provide]                PROVIDE (_end = .)
                0x20000230                . = (. + _Min_Heap_Size)
 *fill*         0x20000030      0x200 
                0x20000630                . = (. + _Min_Stack_Size)
 *fill*         0x20000230      0x400 
                0x20000630                . = ALIGN (0x8)

/DISCARD/
 libc.a(*)
 libm.a(*)
 libgcc.a(*)

.ARM.attributes
                0x00000000       0x28
 *(.ARM.attributes)
 .ARM.attributes
                0x00000000       0x1e c:/ac6/systemworkbench/plugins/fr.ac6.mcu.externaltools.arm-none.win32_1.17.0.201812190825/tools/compiler/bin/../lib/gcc/arm-none-eabi/7.3.1/thumb/v6-m/crti.o
 .ARM.attributes
                0x0000001e       0x2c c:/ac6/systemworkbench/plugins/fr.ac6.mcu.externaltools.arm-none.win32_1.17.0.201812190825/tools/compiler/bin/../lib/gcc/arm-none-eabi/7.3.1/thumb/v6-m/crtbegin.o
 .ARM.attributes
                0x0000004a       0x31 Core/Src/gpio.o
 .ARM.attributes
                0x0000007b       0x31 Core/Src/main.o
 .ARM.attributes
                0x000000ac       0x31 Core/Src/stm32f0xx_hal_msp.o
 .ARM.attributes
                0x000000dd       0x31 Core/Src/stm32f0xx_it.o
 .ARM.attributes
                0x0000010e       0x31 Core/Src/system_stm32f0xx.o
 .ARM.attributes
                0x0000013f       0x31 Drivers/STM32F0xx_HAL_Driver/Src/stm32f0xx_hal.o
 .ARM.attributes
                0x00000170       0x31 Drivers/STM32F0xx_HAL_Driver/Src/stm32f0xx_hal_cortex.o
 .ARM.attributes
                0x000001a1       0x31 Drivers/STM32F0xx_HAL_Driver/Src/stm32f0xx_hal_gpio.o
 .ARM.attributes
                0x000001d2       0x31 Drivers/STM32F0xx_HAL_Driver/Src/stm32f0xx_hal_rcc.o
 .ARM.attributes
                0x00000203       0x21 startup/startup_stm32f030x8.o
 .ARM.attributes
                0x00000224       0x1e c:/ac6/systemworkbench/plugins/fr.ac6.mcu.externaltools.arm-none.win32_1.17.0.201812190825/tools/compiler/bin/../lib/gcc/arm-none-eabi/7.3.1/thumb/v6-m\libgcc.a(_udivsi3.o)
 .ARM.attributes
                0x00000242       0x1e c:/ac6/systemworkbench/plugins/fr.ac6.mcu.externaltools.arm-none.win32_1.17.0.201812190825/tools/compiler/bin/../lib/gcc/arm-none-eabi/7.3.1/thumb/v6-m\libgcc.a(_dvmd_tls.o)
 .ARM.attributes
                0x00000260       0x2c c:/ac6/systemworkbench/plugins/fr.ac6.mcu.externaltools.arm-none.win32_1.17.0.201812190825/tools/compiler/bin/../lib/gcc/arm-none-eabi/7.3.1/../../../../arm-none-eabi/lib/thumb/v6-m\libc_nano.a(lib_a-init.o)
 .ARM.attributes
                0x0000028c       0x2c c:/ac6/systemworkbench/plugins/fr.ac6.mcu.externaltools.arm-none.win32_1.17.0.201812190825/tools/compiler/bin/../lib/gcc/arm-none-eabi/7.3.1/../../../../arm-none-eabi/lib/thumb/v6-m\libc_nano.a(lib_a-memset.o)
 .ARM.attributes
                0x000002b8       0x1e c:/ac6/systemworkbench/plugins/fr.ac6.mcu.externaltools.arm-none.win32_1.17.0.201812190825/tools/compiler/bin/../lib/gcc/arm-none-eabi/7.3.1/thumb/v6-m/crtn.o
OUTPUT(BootLoader_F0.elf elf32-littlearm)

.debug_info     0x00000000     0x3114
 .debug_info    0x00000000      0x429 Core/Src/gpio.o
 .debug_info    0x00000429      0x656 Core/Src/main.o
 .debug_info    0x00000a7f      0x25e Core/Src/stm32f0xx_hal_msp.o
 .debug_info    0x00000cdd      0x203 Core/Src/stm32f0xx_it.o
 .debug_info    0x00000ee0      0x2a2 Core/Src/system_stm32f0xx.o
 .debug_info    0x00001182      0x70a Drivers/STM32F0xx_HAL_Driver/Src/stm32f0xx_hal.o
 .debug_info    0x0000188c      0x813 Drivers/STM32F0xx_HAL_Driver/Src/stm32f0xx_hal_cortex.o
 .debug_info    0x0000209f      0x67e Drivers/STM32F0xx_HAL_Driver/Src/stm32f0xx_hal_gpio.o
 .debug_info    0x0000271d      0x9d5 Drivers/STM32F0xx_HAL_Driver/Src/stm32f0xx_hal_rcc.o
 .debug_info    0x000030f2       0x22 startup/startup_stm32f030x8.o

.debug_abbrev   0x00000000      0xfca
 .debug_abbrev  0x00000000      0x186 Core/Src/gpio.o
 .debug_abbrev  0x00000186      0x23f Core/Src/main.o
 .debug_abbrev  0x000003c5      0x109 Core/Src/stm32f0xx_hal_msp.o
 .debug_abbrev  0x000004ce       0xfb Core/Src/stm32f0xx_it.o
 .debug_abbrev  0x000005c9      0x12b Core/Src/system_stm32f0xx.o
 .debug_abbrev  0x000006f4      0x234 Drivers/STM32F0xx_HAL_Driver/Src/stm32f0xx_hal.o
 .debug_abbrev  0x00000928      0x264 Drivers/STM32F0xx_HAL_Driver/Src/stm32f0xx_hal_cortex.o
 .debug_abbrev  0x00000b8c      0x1de Drivers/STM32F0xx_HAL_Driver/Src/stm32f0xx_hal_gpio.o
 .debug_abbrev  0x00000d6a      0x24e Drivers/STM32F0xx_HAL_Driver/Src/stm32f0xx_hal_rcc.o
 .debug_abbrev  0x00000fb8       0x12 startup/startup_stm32f030x8.o

.debug_aranges  0x00000000      0x338
 .debug_aranges
                0x00000000       0x20 Core/Src/gpio.o
 .debug_aranges
                0x00000020       0x40 Core/Src/main.o
 .debug_aranges
                0x00000060       0x20 Core/Src/stm32f0xx_hal_msp.o
 .debug_aranges
                0x00000080       0x48 Core/Src/stm32f0xx_it.o
 .debug_aranges
                0x000000c8       0x28 Core/Src/system_stm32f0xx.o
 .debug_aranges
                0x000000f0       0xd0 Drivers/STM32F0xx_HAL_Driver/Src/stm32f0xx_hal.o
 .debug_aranges
                0x000001c0       0x78 Drivers/STM32F0xx_HAL_Driver/Src/stm32f0xx_hal_cortex.o
 .debug_aranges
                0x00000238       0x58 Drivers/STM32F0xx_HAL_Driver/Src/stm32f0xx_hal_gpio.o
 .debug_aranges
                0x00000290       0x80 Drivers/STM32F0xx_HAL_Driver/Src/stm32f0xx_hal_rcc.o
 .debug_aranges
                0x00000310       0x28 startup/startup_stm32f030x8.o

.debug_ranges   0x00000000      0x318
 .debug_ranges  0x00000000       0x10 Core/Src/gpio.o
 .debug_ranges  0x00000010       0x30 Core/Src/main.o
 .debug_ranges  0x00000040       0x10 Core/Src/stm32f0xx_hal_msp.o
 .debug_ranges  0x00000050       0x38 Core/Src/stm32f0xx_it.o
 .debug_ranges  0x00000088       0x18 Core/Src/system_stm32f0xx.o
 .debug_ranges  0x000000a0       0xc0 Drivers/STM32F0xx_HAL_Driver/Src/stm32f0xx_hal.o
 .debug_ranges  0x00000160       0xc8 Drivers/STM32F0xx_HAL_Driver/Src/stm32f0xx_hal_cortex.o
 .debug_ranges  0x00000228       0x48 Drivers/STM32F0xx_HAL_Driver/Src/stm32f0xx_hal_gpio.o
 .debug_ranges  0x00000270       0x88 Drivers/STM32F0xx_HAL_Driver/Src/stm32f0xx_hal_rcc.o
 .debug_ranges  0x000002f8       0x20 startup/startup_stm32f030x8.o

.debug_macro    0x00000000     0xe14c
 .debug_macro   0x00000000      0x1b3 Core/Src/gpio.o
 .debug_macro   0x000001b3      0xa42 Core/Src/gpio.o
 .debug_macro   0x00000bf5      0x127 Core/Src/gpio.o
 .debug_macro   0x00000d1c       0x2e Core/Src/gpio.o
 .debug_macro   0x00000d4a       0x22 Core/Src/gpio.o
 .debug_macro   0x00000d6c       0x22 Core/Src/gpio.o
 .debug_macro   0x00000d8e       0x8e Core/Src/gpio.o
 .debug_macro   0x00000e1c       0x51 Core/Src/gpio.o
 .debug_macro   0x00000e6d       0xef Core/Src/gpio.o
 .debug_macro   0x00000f5c       0x6a Core/Src/gpio.o
 .debug_macro   0x00000fc6      0x1df Core/Src/gpio.o
 .debug_macro   0x000011a5       0x1c Core/Src/gpio.o
 .debug_macro   0x000011c1       0x22 Core/Src/gpio.o
 .debug_macro   0x000011e3       0xb5 Core/Src/gpio.o
 .debug_macro   0x00001298      0x391 Core/Src/gpio.o
 .debug_macro   0x00001629     0x6f39 Core/Src/gpio.o
 .debug_macro   0x00008562       0x3c Core/Src/gpio.o
 .debug_macro   0x0000859e     0x3461 Core/Src/gpio.o
 .debug_macro   0x0000b9ff      0x174 Core/Src/gpio.o
 .debug_macro   0x0000bb73       0x55 Core/Src/gpio.o
 .debug_macro   0x0000bbc8      0x924 Core/Src/gpio.o
 .debug_macro   0x0000c4ec      0x17f Core/Src/gpio.o
 .debug_macro   0x0000c66b      0x12f Core/Src/gpio.o
 .debug_macro   0x0000c79a       0xd9 Core/Src/gpio.o
 .debug_macro   0x0000c873      0x1a0 Core/Src/gpio.o
 .debug_macro   0x0000ca13      0x1ed Core/Src/gpio.o
 .debug_macro   0x0000cc00       0x34 Core/Src/gpio.o
 .debug_macro   0x0000cc34       0x43 Core/Src/gpio.o
 .debug_macro   0x0000cc77       0x28 Core/Src/gpio.o
 .debug_macro   0x0000cc9f       0xb0 Core/Src/gpio.o
 .debug_macro   0x0000cd4f      0x199 Core/Src/gpio.o
 .debug_macro   0x0000cee8      0x22c Core/Src/gpio.o
 .debug_macro   0x0000d114       0x60 Core/Src/gpio.o
 .debug_macro   0x0000d174       0xa5 Core/Src/gpio.o
 .debug_macro   0x0000d219       0x4c Core/Src/gpio.o
 .debug_macro   0x0000d265       0x2b Core/Src/gpio.o
 .debug_macro   0x0000d290       0xff Core/Src/gpio.o
 .debug_macro   0x0000d38f       0x34 Core/Src/gpio.o
 .debug_macro   0x0000d3c3      0x1bd Core/Src/main.o
 .debug_macro   0x0000d580      0x1a9 Core/Src/stm32f0xx_hal_msp.o
 .debug_macro   0x0000d729      0x1b3 Core/Src/stm32f0xx_it.o
 .debug_macro   0x0000d8dc      0x19a Core/Src/system_stm32f0xx.o
 .debug_macro   0x0000da76      0x1be Drivers/STM32F0xx_HAL_Driver/Src/stm32f0xx_hal.o
 .debug_macro   0x0000dc34      0x19a Drivers/STM32F0xx_HAL_Driver/Src/stm32f0xx_hal_cortex.o
 .debug_macro   0x0000ddce      0x1d2 Drivers/STM32F0xx_HAL_Driver/Src/stm32f0xx_hal_gpio.o
 .debug_macro   0x0000dfa0      0x1ac Drivers/STM32F0xx_HAL_Driver/Src/stm32f0xx_hal_rcc.o

.debug_line     0x00000000     0x444f
 .debug_line    0x00000000      0x6b3 Core/Src/gpio.o
 .debug_line    0x000006b3      0x710 Core/Src/main.o
 .debug_line    0x00000dc3      0x69e Core/Src/stm32f0xx_hal_msp.o
 .debug_line    0x00001461      0x6ff Core/Src/stm32f0xx_it.o
 .debug_line    0x00001b60      0x6bc Core/Src/system_stm32f0xx.o
 .debug_line    0x0000221c      0x852 Drivers/STM32F0xx_HAL_Driver/Src/stm32f0xx_hal.o
 .debug_line    0x00002a6e      0x82b Drivers/STM32F0xx_HAL_Driver/Src/stm32f0xx_hal_cortex.o
 .debug_line    0x00003299      0x7ec Drivers/STM32F0xx_HAL_Driver/Src/stm32f0xx_hal_gpio.o
 .debug_line    0x00003a85      0x948 Drivers/STM32F0xx_HAL_Driver/Src/stm32f0xx_hal_rcc.o
 .debug_line    0x000043cd       0x82 startup/startup_stm32f030x8.o

.debug_str      0x00000000    0x540e6
 .debug_str     0x00000000    0x5332d Core/Src/gpio.o
                              0x535aa (size before relaxing)
 .debug_str     0x0005332d      0x3a0 Core/Src/main.o
                              0x538c7 (size before relaxing)
 .debug_str     0x000536cd       0x2c Core/Src/stm32f0xx_hal_msp.o
                              0x534d7 (size before relaxing)
 .debug_str     0x000536f9       0xae Core/Src/stm32f0xx_it.o
                              0x53513 (size before relaxing)
 .debug_str     0x000537a7       0x5f Core/Src/system_stm32f0xx.o
                              0x53453 (size before relaxing)
 .debug_str     0x00053806      0x307 Drivers/STM32F0xx_HAL_Driver/Src/stm32f0xx_hal.o
                              0x53983 (size before relaxing)
 .debug_str     0x00053b0d      0x1c9 Drivers/STM32F0xx_HAL_Driver/Src/stm32f0xx_hal_cortex.o
                              0x53813 (size before relaxing)
 .debug_str     0x00053cd6      0x1c7 Drivers/STM32F0xx_HAL_Driver/Src/stm32f0xx_hal_gpio.o
                              0x536ef (size before relaxing)
 .debug_str     0x00053e9d      0x21a Drivers/STM32F0xx_HAL_Driver/Src/stm32f0xx_hal_rcc.o
                              0x53884 (size before relaxing)
 .debug_str     0x000540b7       0x2f startup/startup_stm32f030x8.o
                                 0x65 (size before relaxing)

.comment        0x00000000       0x7f
 .comment       0x00000000       0x7f Core/Src/gpio.o
                                 0x80 (size before relaxing)
 .comment       0x0000007f       0x80 Core/Src/main.o
 .comment       0x0000007f       0x80 Core/Src/stm32f0xx_hal_msp.o
 .comment       0x0000007f       0x80 Core/Src/stm32f0xx_it.o
 .comment       0x0000007f       0x80 Core/Src/system_stm32f0xx.o
 .comment       0x0000007f       0x80 Drivers/STM32F0xx_HAL_Driver/Src/stm32f0xx_hal.o
 .comment       0x0000007f       0x80 Drivers/STM32F0xx_HAL_Driver/Src/stm32f0xx_hal_cortex.o
 .comment       0x0000007f       0x80 Drivers/STM32F0xx_HAL_Driver/Src/stm32f0xx_hal_gpio.o
 .comment       0x0000007f       0x80 Drivers/STM32F0xx_HAL_Driver/Src/stm32f0xx_hal_rcc.o

.debug_frame    0x00000000      0x68c
 .debug_frame   0x00000000       0x30 Core/Src/gpio.o
 .debug_frame   0x00000030       0x84 Core/Src/main.o
 .debug_frame   0x000000b4       0x24 Core/Src/stm32f0xx_hal_msp.o
 .debug_frame   0x000000d8       0x80 Core/Src/stm32f0xx_it.o
 .debug_frame   0x00000158       0x38 Core/Src/system_stm32f0xx.o
 .debug_frame   0x00000190      0x1ac Drivers/STM32F0xx_HAL_Driver/Src/stm32f0xx_hal.o
 .debug_frame   0x0000033c       0xe4 Drivers/STM32F0xx_HAL_Driver/Src/stm32f0xx_hal_cortex.o
 .debug_frame   0x00000420       0xc8 Drivers/STM32F0xx_HAL_Driver/Src/stm32f0xx_hal_gpio.o
 .debug_frame   0x000004e8      0x138 Drivers/STM32F0xx_HAL_Driver/Src/stm32f0xx_hal_rcc.o
 .debug_frame   0x00000620       0x20 c:/ac6/systemworkbench/plugins/fr.ac6.mcu.externaltools.arm-none.win32_1.17.0.201812190825/tools/compiler/bin/../lib/gcc/arm-none-eabi/7.3.1/thumb/v6-m\libgcc.a(_udivsi3.o)
 .debug_frame   0x00000640       0x2c c:/ac6/systemworkbench/plugins/fr.ac6.mcu.externaltools.arm-none.win32_1.17.0.201812190825/tools/compiler/bin/../lib/gcc/arm-none-eabi/7.3.1/../../../../arm-none-eabi/lib/thumb/v6-m\libc_nano.a(lib_a-init.o)
 .debug_frame   0x0000066c       0x20 c:/ac6/systemworkbench/plugins/fr.ac6.mcu.externaltools.arm-none.win32_1.17.0.201812190825/tools/compiler/bin/../lib/gcc/arm-none-eabi/7.3.1/../../../../arm-none-eabi/lib/thumb/v6-m\libc_nano.a(lib_a-memset.o)

.debug_loc      0x00000000      0xdc2
 .debug_loc     0x00000000       0x39 Core/Src/main.o
 .debug_loc     0x00000039      0x13b Core/Src/system_stm32f0xx.o
 .debug_loc     0x00000174      0x11b Drivers/STM32F0xx_HAL_Driver/Src/stm32f0xx_hal.o
 .debug_loc     0x0000028f      0x3b7 Drivers/STM32F0xx_HAL_Driver/Src/stm32f0xx_hal_cortex.o
 .debug_loc     0x00000646      0x2e1 Drivers/STM32F0xx_HAL_Driver/Src/stm32f0xx_hal_gpio.o
 .debug_loc     0x00000927      0x49b Drivers/STM32F0xx_HAL_Driver/Src/stm32f0xx_hal_rcc.o
